== E3 실측 시작 (모델 4동시/50ms = 80/s)
== 정책: ADMISSION
== 부하: 40 req/s (40s씩, 워밍업 10000ms)
== 출력: <OUT>
-- ADMISSION
   ADMISSION @ 40 req/s
[E3] policy=ADMISSION  rate=40  achieved=36  coverage=96.3%  personalized=96.3%  serving_p95=182.0ms  serving_p99=210.0ms  model_p95=174.0ms  rejected=45  timeout=0  failed=0  zero_ctx=0  req_failed=0.0%  dropped=0
[PAGE] rate=9  achieved=10  generated=0.7%  page_p95=342.7ms  page_p99=350.0ms  dropped=0

== 조건별 요약
| 부하 (req/s) | `ADMISSION` coverage / p95 |
|---:|---:|
| 40 | **96.3%** / 182.0ms |

**달성 부하** — 표의 `rate` 는 요청한 부하이고 아래는 실제로 통과한 양이다.
정책이 앱을 마비시키면(스레드가 줄에 갇히면) 여기가 낮아진다 — 그 자체가 결과다.

| 부하 | `ADMISSION` |
|---:|---:|
| 40 | 36 |

| 부하 | 정책 | 달성 | coverage | **개인화** | serving p95 | serving p99 | model p95 | rejected | timeout | zero_ctx | dropped |
|---:|---|---:|---:|---:|---:|---:|---:|---:|---:|---:|---:|
| 40 | `ADMISSION` | 36 | 96.3% | **96.3%** | 182.0ms | 210.0ms | 174.0ms | 45 | 0 | 0 | 0 |
