
  .   ____          _            __ _ _
 /\\ / ___'_ __ _ _(_)_ __  __ _ \ \ \ \
( ( )\___ | '_ | '_| | '_ \/ _` | \ \ \ \
 \\/  ___)| |_)| | | | | || (_| |  ) ) ) )
  '  |____| .__|_| |_|_| |_\__, | / / / /
 =========|_|==============|___/=/_/_/_/

 :: Spring Boot ::                (v3.4.2)

2026-09-21T18:01:03.903+09:00  INFO 92980 --- [be-commerce] [           main] c.b.becommerce.BeCommerceApplication     : Starting BeCommerceApplication v0.0.1-SNAPSHOT using Java 21.0.9 with PID 92980 (/Users/beomsu/Desktop/pay/build/libs/be-commerce-0.0.1-SNAPSHOT.jar started by beomsu in /Users/beomsu/Desktop/pay)
2026-09-21T18:01:03.904+09:00  INFO 92980 --- [be-commerce] [           main] c.b.becommerce.BeCommerceApplication     : The following 1 profile is active: "kafka"
2026-09-21T18:01:04.570+09:00  INFO 92980 --- [be-commerce] [           main] .s.d.r.c.RepositoryConfigurationDelegate : Multiple Spring Data modules found, entering strict repository configuration mode
2026-09-21T18:01:04.571+09:00  INFO 92980 --- [be-commerce] [           main] .s.d.r.c.RepositoryConfigurationDelegate : Bootstrapping Spring Data JPA repositories in DEFAULT mode.
2026-09-21T18:01:04.715+09:00  INFO 92980 --- [be-commerce] [           main] .s.d.r.c.RepositoryConfigurationDelegate : Finished Spring Data repository scanning in 138 ms. Found 42 JPA repository interfaces.
2026-09-21T18:01:05.265+09:00  INFO 92980 --- [be-commerce] [           main] o.s.b.w.embedded.tomcat.TomcatWebServer  : Tomcat initialized with port 18080 (http)
2026-09-21T18:01:05.415+09:00  INFO 92980 --- [be-commerce] [           main] o.apache.catalina.core.StandardService   : Starting service [Tomcat]
2026-09-21T18:01:05.415+09:00  INFO 92980 --- [be-commerce] [           main] o.apache.catalina.core.StandardEngine    : Starting Servlet engine: [Apache Tomcat/10.1.34]
2026-09-21T18:01:05.447+09:00  INFO 92980 --- [be-commerce] [           main] o.a.c.c.C.[Tomcat].[localhost].[/]       : Initializing Spring embedded WebApplicationContext
2026-09-21T18:01:05.448+09:00  INFO 92980 --- [be-commerce] [           main] w.s.c.ServletWebServerApplicationContext : Root WebApplicationContext: initialization completed in 1520 ms
2026-09-21T18:01:05.702+09:00  INFO 92980 --- [be-commerce] [           main] com.zaxxer.hikari.HikariDataSource       : HikariPool-1 - Starting...
2026-09-21T18:01:05.894+09:00  INFO 92980 --- [be-commerce] [           main] com.zaxxer.hikari.pool.HikariPool        : HikariPool-1 - Added connection com.mysql.cj.jdbc.ConnectionImpl@220e1b7b
2026-09-21T18:01:05.896+09:00  INFO 92980 --- [be-commerce] [           main] com.zaxxer.hikari.HikariDataSource       : HikariPool-1 - Start completed.
2026-09-21T18:01:05.923+09:00  INFO 92980 --- [be-commerce] [           main] org.flywaydb.core.FlywayExecutor         : Database: jdbc:mysql://localhost:3306/becommerce?serverTimezone=UTC&characterEncoding=UTF-8 (MySQL 8.4)
2026-09-21T18:01:06.390+09:00  WARN 92980 --- [be-commerce] [           main] o.f.c.internal.database.base.Database    : Flyway upgrade recommended: MySQL 8.4 is newer than this version of Flyway and support has not been tested. The latest supported version of MySQL is 8.1.
2026-09-21T18:01:06.430+09:00  INFO 92980 --- [be-commerce] [           main] o.f.core.internal.command.DbValidate     : Successfully validated 59 migrations (execution time 00:00.032s)
2026-09-21T18:01:06.444+09:00  INFO 92980 --- [be-commerce] [           main] o.f.core.internal.command.DbMigrate      : Current version of schema `becommerce`: 59
2026-09-21T18:01:06.447+09:00  INFO 92980 --- [be-commerce] [           main] o.f.core.internal.command.DbMigrate      : Schema `becommerce` is up to date. No migration necessary.
2026-09-21T18:01:06.503+09:00  INFO 92980 --- [be-commerce] [           main] o.hibernate.jpa.internal.util.LogHelper  : HHH000204: Processing PersistenceUnitInfo [name: default]
2026-09-21T18:01:06.546+09:00  INFO 92980 --- [be-commerce] [           main] org.hibernate.Version                    : HHH000412: Hibernate ORM core version 6.6.5.Final
2026-09-21T18:01:06.567+09:00  INFO 92980 --- [be-commerce] [           main] o.h.c.internal.RegionFactoryInitiator    : HHH000026: Second-level cache disabled
2026-09-21T18:01:06.745+09:00  INFO 92980 --- [be-commerce] [           main] o.s.o.j.p.SpringPersistenceUnitInfo      : No LoadTimeWeaver setup: ignoring JPA class transformer
2026-09-21T18:01:06.794+09:00  INFO 92980 --- [be-commerce] [           main] org.hibernate.orm.connections.pooling    : HHH10001005: Database info:
	Database JDBC URL [Connecting through datasource 'HikariDataSource (HikariPool-1)']
	Database driver: undefined/unknown
	Database version: 8.4.11
	Autocommit mode: undefined/unknown
	Isolation level: undefined/unknown
	Minimum pool size: undefined/unknown
	Maximum pool size: undefined/unknown
2026-09-21T18:01:07.671+09:00  INFO 92980 --- [be-commerce] [           main] o.h.e.t.j.p.i.JtaPlatformInitiator       : HHH000489: No JTA platform available (set 'hibernate.transaction.jta.platform' to enable JTA platform integration)
2026-09-21T18:01:07.713+09:00  INFO 92980 --- [be-commerce] [           main] j.LocalContainerEntityManagerFactoryBean : Initialized JPA EntityManagerFactory for persistence unit 'default'
2026-09-21T18:01:07.958+09:00  INFO 92980 --- [be-commerce] [           main] o.s.d.j.r.query.QueryEnhancerFactory     : Hibernate is in classpath; If applicable, HQL parser will be used.
2026-09-21T18:01:08.908+09:00  INFO 92980 --- [be-commerce] [           main] c.b.b.auth.HashConcurrencyLimiter        : 비밀번호 해싱 동시 실행 상한 8건 (해시당 약 19.84MB)
2026-09-21T18:01:09.137+09:00  INFO 92980 --- [be-commerce] [           main] r$InitializeUserDetailsManagerConfigurer : Global AuthenticationManager configured with UserDetailsService bean with name userDetailsService
2026-09-21T18:01:09.835+09:00  INFO 92980 --- [be-commerce] [           main] c.b.b.payment.web.TossWebhookController  : 토스 웹훅 발신 IP 검사 off — payment.webhook.toss-allowed-ips 미설정
2026-09-21T18:01:10.054+09:00  INFO 92980 --- [be-commerce] [           main] o.s.b.a.w.s.WelcomePageHandlerMapping    : Adding welcome page: class path resource [static/index.html]
2026-09-21T18:01:10.193+09:00  INFO 92980 --- [be-commerce] [           main] o.s.b.a.e.web.EndpointLinksResolver      : Exposing 4 endpoints beneath base path '/actuator'
2026-09-21T18:01:10.610+09:00  INFO 92980 --- [be-commerce] [           main] o.s.b.w.embedded.tomcat.TomcatWebServer  : Tomcat started on port 18080 (http) with context path '/'
2026-09-21T18:01:10.640+09:00  INFO 92980 --- [be-commerce] [           main] o.a.k.clients.consumer.ConsumerConfig    : ConsumerConfig values: 
	allow.auto.create.topics = true
	auto.commit.interval.ms = 5000
	auto.include.jmx.reporter = true
	auto.offset.reset = latest
	bootstrap.servers = [localhost:9092]
	check.crcs = true
	client.dns.lookup = use_all_dns_ips
	client.id = consumer-e2-20260921-175623-redelivery-1
	client.rack = 
	connections.max.idle.ms = 540000
	default.api.timeout.ms = 60000
	enable.auto.commit = false
	enable.metrics.push = true
	exclude.internal.topics = true
	fetch.max.bytes = 52428800
	fetch.max.wait.ms = 500
	fetch.min.bytes = 1
	group.id = e2-20260921-175623-redelivery
	group.instance.id = null
	group.protocol = classic
	group.remote.assignor = null
	heartbeat.interval.ms = 3000
	interceptor.classes = []
	internal.leave.group.on.close = true
	internal.throw.on.fetch.stable.offset.unsupported = false
	isolation.level = read_uncommitted
	key.deserializer = class org.apache.kafka.common.serialization.StringDeserializer
	max.partition.fetch.bytes = 1048576
	max.poll.interval.ms = 300000
	max.poll.records = 500
	metadata.max.age.ms = 300000
	metadata.recovery.strategy = none
	metric.reporters = []
	metrics.num.samples = 2
	metrics.recording.level = INFO
	metrics.sample.window.ms = 30000
	partition.assignment.strategy = [class org.apache.kafka.clients.consumer.RangeAssignor, class org.apache.kafka.clients.consumer.CooperativeStickyAssignor]
	receive.buffer.bytes = 65536
	reconnect.backoff.max.ms = 1000
	reconnect.backoff.ms = 50
	request.timeout.ms = 30000
	retry.backoff.max.ms = 1000
	retry.backoff.ms = 100
	sasl.client.callback.handler.class = null
	sasl.jaas.config = null
	sasl.kerberos.kinit.cmd = /usr/bin/kinit
	sasl.kerberos.min.time.before.relogin = 60000
	sasl.kerberos.service.name = null
	sasl.kerberos.ticket.renew.jitter = 0.05
	sasl.kerberos.ticket.renew.window.factor = 0.8
	sasl.login.callback.handler.class = null
	sasl.login.class = null
	sasl.login.connect.timeout.ms = null
	sasl.login.read.timeout.ms = null
	sasl.login.refresh.buffer.seconds = 300
	sasl.login.refresh.min.period.seconds = 60
	sasl.login.refresh.window.factor = 0.8
	sasl.login.refresh.window.jitter = 0.05
	sasl.login.retry.backoff.max.ms = 10000
	sasl.login.retry.backoff.ms = 100
	sasl.mechanism = GSSAPI
	sasl.oauthbearer.clock.skew.seconds = 30
	sasl.oauthbearer.expected.audience = null
	sasl.oauthbearer.expected.issuer = null
	sasl.oauthbearer.jwks.endpoint.refresh.ms = 3600000
	sasl.oauthbearer.jwks.endpoint.retry.backoff.max.ms = 10000
	sasl.oauthbearer.jwks.endpoint.retry.backoff.ms = 100
	sasl.oauthbearer.jwks.endpoint.url = null
	sasl.oauthbearer.scope.claim.name = scope
	sasl.oauthbearer.sub.claim.name = sub
	sasl.oauthbearer.token.endpoint.url = null
	security.protocol = PLAINTEXT
	security.providers = null
	send.buffer.bytes = 131072
	session.timeout.ms = 45000
	socket.connection.setup.timeout.max.ms = 30000
	socket.connection.setup.timeout.ms = 10000
	ssl.cipher.suites = null
	ssl.enabled.protocols = [TLSv1.2, TLSv1.3]
	ssl.endpoint.identification.algorithm = https
	ssl.engine.factory.class = null
	ssl.key.password = null
	ssl.keymanager.algorithm = SunX509
	ssl.keystore.certificate.chain = null
	ssl.keystore.key = null
	ssl.keystore.location = null
	ssl.keystore.password = null
	ssl.keystore.type = JKS
	ssl.protocol = TLSv1.3
	ssl.provider = null
	ssl.secure.random.implementation = null
	ssl.trustmanager.algorithm = PKIX
	ssl.truststore.certificates = null
	ssl.truststore.location = null
	ssl.truststore.password = null
	ssl.truststore.type = JKS
	value.deserializer = class org.apache.kafka.common.serialization.StringDeserializer

2026-09-21T18:01:10.669+09:00  INFO 92980 --- [be-commerce] [           main] o.a.k.c.t.i.KafkaMetricsCollector        : initializing Kafka metrics collector
2026-09-21T18:01:10.713+09:00  INFO 92980 --- [be-commerce] [           main] o.a.kafka.common.utils.AppInfoParser     : Kafka version: 3.8.1
2026-09-21T18:01:10.713+09:00  INFO 92980 --- [be-commerce] [           main] o.a.kafka.common.utils.AppInfoParser     : Kafka commitId: 70d6ff42debf7e17
2026-09-21T18:01:10.713+09:00  INFO 92980 --- [be-commerce] [           main] o.a.kafka.common.utils.AppInfoParser     : Kafka startTimeMs: 1789981270712
2026-09-21T18:01:10.720+09:00  INFO 92980 --- [be-commerce] [           main] o.a.k.c.c.internals.LegacyKafkaConsumer  : [Consumer clientId=consumer-e2-20260921-175623-redelivery-1, groupId=e2-20260921-175623-redelivery] Subscribed to topic(s): user.activity
2026-09-21T18:01:10.743+09:00  INFO 92980 --- [be-commerce] [           main] o.s.s.config.TaskSchedulerRouter         : No TaskScheduler/ScheduledExecutorService bean found for scheduled processing
2026-09-21T18:01:10.746+09:00  INFO 92980 --- [be-commerce] [           main] c.b.becommerce.BeCommerceApplication     : Started BeCommerceApplication in 7.128 seconds (process running for 7.441)
2026-09-21T18:01:10.751+09:00  INFO 92980 --- [be-commerce] [           main] c.b.b.a.i.PasswordHashingCapacityCheck   : 비밀번호 해싱 메모리 여유 확인 (최악 1984MB / 힙 8192MB)
2026-09-21T18:01:10.799+09:00  INFO 92980 --- [be-commerce] [           main] c.b.b.f.internal.FraudBlacklistReloader  : FDS 블랙리스트 재적재 count=0
2026-09-21T18:01:10.902+09:00  INFO 92980 --- [be-commerce] [ntainer#0-0-C-1] org.apache.kafka.clients.Metadata        : [Consumer clientId=consumer-e2-20260921-175623-redelivery-1, groupId=e2-20260921-175623-redelivery] Cluster ID: 5L6g3nShT-eMCtK--X86sw
2026-09-21T18:01:10.902+09:00  INFO 92980 --- [be-commerce] [ntainer#0-0-C-1] o.a.k.c.c.internals.ConsumerCoordinator  : [Consumer clientId=consumer-e2-20260921-175623-redelivery-1, groupId=e2-20260921-175623-redelivery] Discovered group coordinator localhost:9092 (id: 2147483646 rack: null)
2026-09-21T18:01:10.903+09:00  INFO 92980 --- [be-commerce] [ntainer#0-0-C-1] o.a.k.c.c.internals.ConsumerCoordinator  : [Consumer clientId=consumer-e2-20260921-175623-redelivery-1, groupId=e2-20260921-175623-redelivery] (Re-)joining group
2026-09-21T18:01:10.913+09:00  INFO 92980 --- [be-commerce] [ntainer#0-0-C-1] o.a.k.c.c.internals.ConsumerCoordinator  : [Consumer clientId=consumer-e2-20260921-175623-redelivery-1, groupId=e2-20260921-175623-redelivery] Request joining group due to: need to re-join with the given member-id: consumer-e2-20260921-175623-redelivery-1-6b0b47f1-c01e-42dd-b13e-4e4af7df4dcc
2026-09-21T18:01:10.913+09:00  INFO 92980 --- [be-commerce] [ntainer#0-0-C-1] o.a.k.c.c.internals.ConsumerCoordinator  : [Consumer clientId=consumer-e2-20260921-175623-redelivery-1, groupId=e2-20260921-175623-redelivery] (Re-)joining group
2026-09-21T18:01:11.516+09:00  INFO 92980 --- [be-commerce] [io-18080-exec-1] o.a.c.c.C.[Tomcat].[localhost].[/]       : Initializing Spring DispatcherServlet 'dispatcherServlet'
2026-09-21T18:01:11.516+09:00  INFO 92980 --- [be-commerce] [io-18080-exec-1] o.s.web.servlet.DispatcherServlet        : Initializing Servlet 'dispatcherServlet'
2026-09-21T18:01:11.517+09:00  INFO 92980 --- [be-commerce] [io-18080-exec-1] o.s.web.servlet.DispatcherServlet        : Completed initialization in 1 ms
2026-09-21T18:01:13.918+09:00  INFO 92980 --- [be-commerce] [ntainer#0-0-C-1] o.a.k.c.c.internals.ConsumerCoordinator  : [Consumer clientId=consumer-e2-20260921-175623-redelivery-1, groupId=e2-20260921-175623-redelivery] Successfully joined group with generation Generation{generationId=3, memberId='consumer-e2-20260921-175623-redelivery-1-6b0b47f1-c01e-42dd-b13e-4e4af7df4dcc', protocol='range'}
2026-09-21T18:01:13.927+09:00  INFO 92980 --- [be-commerce] [ntainer#0-0-C-1] o.a.k.c.c.internals.ConsumerCoordinator  : [Consumer clientId=consumer-e2-20260921-175623-redelivery-1, groupId=e2-20260921-175623-redelivery] Finished assignment for group at generation 3: {consumer-e2-20260921-175623-redelivery-1-6b0b47f1-c01e-42dd-b13e-4e4af7df4dcc=Assignment(partitions=[user.activity-0])}
2026-09-21T18:01:13.934+09:00  INFO 92980 --- [be-commerce] [ntainer#0-0-C-1] o.a.k.c.c.internals.ConsumerCoordinator  : [Consumer clientId=consumer-e2-20260921-175623-redelivery-1, groupId=e2-20260921-175623-redelivery] Successfully synced group in generation Generation{generationId=3, memberId='consumer-e2-20260921-175623-redelivery-1-6b0b47f1-c01e-42dd-b13e-4e4af7df4dcc', protocol='range'}
2026-09-21T18:01:13.934+09:00  INFO 92980 --- [be-commerce] [ntainer#0-0-C-1] o.a.k.c.c.internals.ConsumerCoordinator  : [Consumer clientId=consumer-e2-20260921-175623-redelivery-1, groupId=e2-20260921-175623-redelivery] Notifying assignor about the new Assignment(partitions=[user.activity-0])
2026-09-21T18:01:13.936+09:00  INFO 92980 --- [be-commerce] [ntainer#0-0-C-1] k.c.c.i.ConsumerRebalanceListenerInvoker : [Consumer clientId=consumer-e2-20260921-175623-redelivery-1, groupId=e2-20260921-175623-redelivery] Adding newly assigned partitions: user.activity-0
2026-09-21T18:01:13.943+09:00  INFO 92980 --- [be-commerce] [ntainer#0-0-C-1] o.a.k.c.c.internals.ConsumerUtils        : Setting offset for partition user.activity-0 to the committed offset FetchPosition{offset=0, offsetEpoch=Optional.empty, currentLeader=LeaderAndEpoch{leader=Optional[localhost:9092 (id: 1 rack: null)], epoch=0}}
2026-09-21T18:01:13.944+09:00  INFO 92980 --- [be-commerce] [ntainer#0-0-C-1] o.s.k.l.KafkaMessageListenerContainer    : e2-20260921-175623-redelivery: partitions assigned: [user.activity-0]
2026-09-21T18:01:27.046+09:00  INFO 92980 --- [be-commerce] [ntainer#0-0-C-1] k.c.c.i.ConsumerRebalanceListenerInvoker : [Consumer clientId=consumer-e2-20260921-175623-redelivery-1, groupId=e2-20260921-175623-redelivery] Revoke previously assigned partitions user.activity-0
2026-09-21T18:01:27.047+09:00  INFO 92980 --- [be-commerce] [ntainer#0-0-C-1] o.s.k.l.KafkaMessageListenerContainer    : e2-20260921-175623-redelivery: partitions revoked: [user.activity-0]
2026-09-21T18:01:27.047+09:00  INFO 92980 --- [be-commerce] [ntainer#0-0-C-1] o.a.k.c.c.internals.ConsumerCoordinator  : [Consumer clientId=consumer-e2-20260921-175623-redelivery-1, groupId=e2-20260921-175623-redelivery] Member consumer-e2-20260921-175623-redelivery-1-6b0b47f1-c01e-42dd-b13e-4e4af7df4dcc sending LeaveGroup request to coordinator localhost:9092 (id: 2147483646 rack: null) due to the consumer unsubscribed from all topics
2026-09-21T18:01:27.048+09:00  INFO 92980 --- [be-commerce] [ntainer#0-0-C-1] o.a.k.c.c.internals.ConsumerCoordinator  : [Consumer clientId=consumer-e2-20260921-175623-redelivery-1, groupId=e2-20260921-175623-redelivery] Resetting generation and member id due to: consumer pro-actively leaving the group
2026-09-21T18:01:27.048+09:00  INFO 92980 --- [be-commerce] [ntainer#0-0-C-1] o.a.k.c.c.internals.ConsumerCoordinator  : [Consumer clientId=consumer-e2-20260921-175623-redelivery-1, groupId=e2-20260921-175623-redelivery] Request joining group due to: consumer pro-actively leaving the group
2026-09-21T18:01:27.048+09:00  INFO 92980 --- [be-commerce] [ntainer#0-0-C-1] o.a.k.c.c.internals.LegacyKafkaConsumer  : [Consumer clientId=consumer-e2-20260921-175623-redelivery-1, groupId=e2-20260921-175623-redelivery] Unsubscribed all topics or patterns and assigned partitions
2026-09-21T18:01:27.049+09:00  INFO 92980 --- [be-commerce] [ntainer#0-0-C-1] o.a.k.c.c.internals.ConsumerCoordinator  : [Consumer clientId=consumer-e2-20260921-175623-redelivery-1, groupId=e2-20260921-175623-redelivery] Resetting generation and member id due to: consumer pro-actively leaving the group
2026-09-21T18:01:27.049+09:00  INFO 92980 --- [be-commerce] [ntainer#0-0-C-1] o.a.k.c.c.internals.ConsumerCoordinator  : [Consumer clientId=consumer-e2-20260921-175623-redelivery-1, groupId=e2-20260921-175623-redelivery] Request joining group due to: consumer pro-actively leaving the group
2026-09-21T18:01:27.268+09:00  INFO 92980 --- [be-commerce] [ntainer#0-0-C-1] o.apache.kafka.common.metrics.Metrics    : Metrics scheduler closed
2026-09-21T18:01:27.269+09:00  INFO 92980 --- [be-commerce] [ntainer#0-0-C-1] o.apache.kafka.common.metrics.Metrics    : Closing reporter org.apache.kafka.common.metrics.JmxReporter
2026-09-21T18:01:27.269+09:00  INFO 92980 --- [be-commerce] [ntainer#0-0-C-1] o.apache.kafka.common.metrics.Metrics    : Closing reporter org.apache.kafka.common.telemetry.internals.ClientTelemetryReporter
2026-09-21T18:01:27.269+09:00  INFO 92980 --- [be-commerce] [ntainer#0-0-C-1] o.apache.kafka.common.metrics.Metrics    : Metrics reporters closed
2026-09-21T18:01:27.273+09:00  INFO 92980 --- [be-commerce] [ntainer#0-0-C-1] o.a.kafka.common.utils.AppInfoParser     : App info kafka.consumer for consumer-e2-20260921-175623-redelivery-1 unregistered
2026-09-21T18:01:27.274+09:00  INFO 92980 --- [be-commerce] [ntainer#0-0-C-1] o.s.k.l.KafkaMessageListenerContainer    : e2-20260921-175623-redelivery: Consumer stopped
2026-09-21T18:01:27.276+09:00  INFO 92980 --- [be-commerce] [ionShutdownHook] o.s.b.w.e.tomcat.GracefulShutdown        : Commencing graceful shutdown. Waiting for active requests to complete
2026-09-21T18:01:27.278+09:00  INFO 92980 --- [be-commerce] [tomcat-shutdown] o.s.b.w.e.tomcat.GracefulShutdown        : Graceful shutdown complete
2026-09-21T18:01:27.294+09:00  INFO 92980 --- [be-commerce] [ionShutdownHook] .s.m.e.c.DefaultEventPublicationRegistry : No publications outstanding!
2026-09-21T18:01:27.305+09:00  INFO 92980 --- [be-commerce] [ionShutdownHook] j.LocalContainerEntityManagerFactoryBean : Closing JPA EntityManagerFactory for persistence unit 'default'
2026-09-21T18:01:27.306+09:00  INFO 92980 --- [be-commerce] [ionShutdownHook] com.zaxxer.hikari.HikariDataSource       : HikariPool-1 - Shutdown initiated...
2026-09-21T18:01:27.323+09:00  INFO 92980 --- [be-commerce] [ionShutdownHook] com.zaxxer.hikari.HikariDataSource       : HikariPool-1 - Shutdown completed.
