
  .   ____          _            __ _ _
 /\\ / ___'_ __ _ _(_)_ __  __ _ \ \ \ \
( ( )\___ | '_ | '_| | '_ \/ _` | \ \ \ \
 \\/  ___)| |_)| | | | | || (_| |  ) ) ) )
  '  |____| .__|_| |_|_| |_\__, | / / / /
 =========|_|==============|___/=/_/_/_/

 :: Spring Boot ::                (v3.4.2)

2026-09-22T05:06:41.739+09:00  INFO 16405 --- [be-commerce] [           main] c.b.becommerce.BeCommerceApplication     : Starting BeCommerceApplication v0.0.1-SNAPSHOT using Java 21.0.9 with PID 16405 (/Users/beomsu/Desktop/pay/build/libs/be-commerce-0.0.1-SNAPSHOT.jar started by beomsu in /Users/beomsu/Desktop/pay)
2026-09-22T05:06:41.741+09:00  INFO 16405 --- [be-commerce] [           main] c.b.becommerce.BeCommerceApplication     : No active profile set, falling back to 1 default profile: "default"
2026-09-22T05:06:42.529+09:00  INFO 16405 --- [be-commerce] [           main] .s.d.r.c.RepositoryConfigurationDelegate : Multiple Spring Data modules found, entering strict repository configuration mode
2026-09-22T05:06:42.530+09:00  INFO 16405 --- [be-commerce] [           main] .s.d.r.c.RepositoryConfigurationDelegate : Bootstrapping Spring Data JPA repositories in DEFAULT mode.
2026-09-22T05:06:42.689+09:00  INFO 16405 --- [be-commerce] [           main] .s.d.r.c.RepositoryConfigurationDelegate : Finished Spring Data repository scanning in 152 ms. Found 44 JPA repository interfaces.
2026-09-22T05:06:43.299+09:00  INFO 16405 --- [be-commerce] [           main] o.s.b.w.embedded.tomcat.TomcatWebServer  : Tomcat initialized with port 18080 (http)
2026-09-22T05:06:43.454+09:00  INFO 16405 --- [be-commerce] [           main] o.apache.catalina.core.StandardService   : Starting service [Tomcat]
2026-09-22T05:06:43.454+09:00  INFO 16405 --- [be-commerce] [           main] o.apache.catalina.core.StandardEngine    : Starting Servlet engine: [Apache Tomcat/10.1.34]
2026-09-22T05:06:43.492+09:00  INFO 16405 --- [be-commerce] [           main] o.a.c.c.C.[Tomcat].[localhost].[/]       : Initializing Spring embedded WebApplicationContext
2026-09-22T05:06:43.537+09:00  INFO 16405 --- [be-commerce] [           main] w.s.c.ServletWebServerApplicationContext : Root WebApplicationContext: initialization completed in 1768 ms
2026-09-22T05:06:43.795+09:00  INFO 16405 --- [be-commerce] [           main] com.zaxxer.hikari.HikariDataSource       : HikariPool-1 - Starting...
2026-09-22T05:06:44.010+09:00  INFO 16405 --- [be-commerce] [           main] com.zaxxer.hikari.pool.HikariPool        : HikariPool-1 - Added connection com.mysql.cj.jdbc.ConnectionImpl@7f5a25e2
2026-09-22T05:06:44.011+09:00  INFO 16405 --- [be-commerce] [           main] com.zaxxer.hikari.HikariDataSource       : HikariPool-1 - Start completed.
2026-09-22T05:06:44.042+09:00  INFO 16405 --- [be-commerce] [           main] org.flywaydb.core.FlywayExecutor         : Database: jdbc:mysql://localhost:3306/becommerce?serverTimezone=UTC&characterEncoding=UTF-8 (MySQL 8.4)
2026-09-22T05:06:44.510+09:00  WARN 16405 --- [be-commerce] [           main] o.f.c.internal.database.base.Database    : Flyway upgrade recommended: MySQL 8.4 is newer than this version of Flyway and support has not been tested. The latest supported version of MySQL is 8.1.
2026-09-22T05:06:44.554+09:00  INFO 16405 --- [be-commerce] [           main] o.f.core.internal.command.DbValidate     : Successfully validated 63 migrations (execution time 00:00.035s)
2026-09-22T05:06:44.567+09:00  INFO 16405 --- [be-commerce] [           main] o.f.core.internal.command.DbMigrate      : Current version of schema `becommerce`: 63
2026-09-22T05:06:44.570+09:00  INFO 16405 --- [be-commerce] [           main] o.f.core.internal.command.DbMigrate      : Schema `becommerce` is up to date. No migration necessary.
2026-09-22T05:06:44.638+09:00  INFO 16405 --- [be-commerce] [           main] o.hibernate.jpa.internal.util.LogHelper  : HHH000204: Processing PersistenceUnitInfo [name: default]
2026-09-22T05:06:44.705+09:00  INFO 16405 --- [be-commerce] [           main] org.hibernate.Version                    : HHH000412: Hibernate ORM core version 6.6.5.Final
2026-09-22T05:06:44.732+09:00  INFO 16405 --- [be-commerce] [           main] o.h.c.internal.RegionFactoryInitiator    : HHH000026: Second-level cache disabled
2026-09-22T05:06:44.978+09:00  INFO 16405 --- [be-commerce] [           main] o.s.o.j.p.SpringPersistenceUnitInfo      : No LoadTimeWeaver setup: ignoring JPA class transformer
2026-09-22T05:06:45.034+09:00  INFO 16405 --- [be-commerce] [           main] org.hibernate.orm.connections.pooling    : HHH10001005: Database info:
	Database JDBC URL [Connecting through datasource 'HikariDataSource (HikariPool-1)']
	Database driver: undefined/unknown
	Database version: 8.4.11
	Autocommit mode: undefined/unknown
	Isolation level: undefined/unknown
	Minimum pool size: undefined/unknown
	Maximum pool size: undefined/unknown
2026-09-22T05:06:46.010+09:00  INFO 16405 --- [be-commerce] [           main] o.h.e.t.j.p.i.JtaPlatformInitiator       : HHH000489: No JTA platform available (set 'hibernate.transaction.jta.platform' to enable JTA platform integration)
2026-09-22T05:06:46.046+09:00  INFO 16405 --- [be-commerce] [           main] j.LocalContainerEntityManagerFactoryBean : Initialized JPA EntityManagerFactory for persistence unit 'default'
2026-09-22T05:06:46.315+09:00  INFO 16405 --- [be-commerce] [           main] o.s.d.j.r.query.QueryEnhancerFactory     : Hibernate is in classpath; If applicable, HQL parser will be used.
2026-09-22T05:06:47.344+09:00  INFO 16405 --- [be-commerce] [           main] c.b.b.auth.HashConcurrencyLimiter        : 비밀번호 해싱 동시 실행 상한 8건 (해시당 약 19.84MB)
2026-09-22T05:06:47.557+09:00  INFO 16405 --- [be-commerce] [           main] r$InitializeUserDetailsManagerConfigurer : Global AuthenticationManager configured with UserDetailsService bean with name userDetailsService
2026-09-22T05:06:48.082+09:00  INFO 16405 --- [be-commerce] [           main] c.b.becommerce.order.catalog.FacetCache  : 패싯 사전 집계=켜짐 TTL=PT1M 상한=200개
2026-09-22T05:06:48.089+09:00  INFO 16405 --- [be-commerce] [           main] c.b.b.r.internal.ItemPoolSource          : 추천 후보 집합=EXPERIMENT (CATALOG=실제 상품 · EXPERIMENT=실험용 합성 풀) · 인기 신호=AUTO 창=recent_7d
2026-09-22T05:06:48.090+09:00  INFO 16405 --- [be-commerce] [           main] c.b.b.r.internal.StubModelClient         : 모델 스텁=RANKING 직렬 0항목 → 지연 50ms (기준 50ms, 항목당 15ms) 용량 4동시
2026-09-22T05:06:48.092+09:00  INFO 16405 --- [be-commerce] [           main] c.b.b.r.internal.OverloadGate            : 과부하 정책=BOUNDED maxInFlight=24 admissionBudget=100ms 모델용량=4동시/50ms(범위 RANKING)
2026-09-22T05:06:48.098+09:00  INFO 16405 --- [be-commerce] [           main] c.b.b.r.internal.RecommendationService   : 제약 확인 정책=AT_GENERATION_START 생성 범위=RANKING (E4·E5)
2026-09-22T05:06:48.107+09:00  INFO 16405 --- [be-commerce] [           main] c.b.b.home.internal.ImpressionRecorder   : 홈 노출 기록=켜짐 (요청당 한 행)
2026-09-22T05:06:48.109+09:00  INFO 16405 --- [be-commerce] [           main] c.beomsu.becommerce.home.HomeComposer    : 홈 조립 규칙=FULL 행상한=5 항목상한=8 최소항목=3 카테고리상한=3 후보깊이=8
2026-09-22T05:06:48.279+09:00  INFO 16405 --- [be-commerce] [           main] c.b.b.order.ExperimentStockChurn         : E4 재고 변화 주입기가 켜졌다 — 실제 stock 행을 고친다(실험 풀은 부르는 쪽이 넘긴다)
2026-09-22T05:06:48.383+09:00  INFO 16405 --- [be-commerce] [           main] c.b.b.payment.web.TossWebhookController  : 토스 웹훅 발신 IP 검사 off — payment.webhook.toss-allowed-ips 미설정
2026-09-22T05:06:48.610+09:00  INFO 16405 --- [be-commerce] [           main] o.s.b.a.w.s.WelcomePageHandlerMapping    : Adding welcome page: class path resource [static/index.html]
2026-09-22T05:06:48.768+09:00  INFO 16405 --- [be-commerce] [           main] o.s.b.a.e.web.EndpointLinksResolver      : Exposing 4 endpoints beneath base path '/actuator'
2026-09-22T05:06:49.218+09:00  INFO 16405 --- [be-commerce] [           main] o.s.b.w.embedded.tomcat.TomcatWebServer  : Tomcat started on port 18080 (http) with context path '/'
2026-09-22T05:06:49.234+09:00  INFO 16405 --- [be-commerce] [           main] c.b.becommerce.BeCommerceApplication     : Started BeCommerceApplication in 7.807 seconds (process running for 8.189)
2026-09-22T05:06:49.240+09:00  INFO 16405 --- [be-commerce] [           main] c.b.b.a.i.PasswordHashingCapacityCheck   : 비밀번호 해싱 메모리 여유 확인 (최악 1984MB / 힙 8192MB)
2026-09-22T05:06:49.272+09:00  INFO 16405 --- [be-commerce] [           main] c.b.b.f.internal.FraudBlacklistReloader  : FDS 블랙리스트 재적재 count=0
2026-09-22T05:06:50.253+09:00  INFO 16405 --- [be-commerce] [io-18080-exec-1] o.a.c.c.C.[Tomcat].[localhost].[/]       : Initializing Spring DispatcherServlet 'dispatcherServlet'
2026-09-22T05:06:50.253+09:00  INFO 16405 --- [be-commerce] [io-18080-exec-1] o.s.web.servlet.DispatcherServlet        : Initializing Servlet 'dispatcherServlet'
2026-09-22T05:06:50.254+09:00  INFO 16405 --- [be-commerce] [io-18080-exec-1] o.s.web.servlet.DispatcherServlet        : Completed initialization in 1 ms
2026-09-22T05:07:41.790+09:00  INFO 16405 --- [be-commerce] [         task-4] c.b.b.n.LoggingNotificationSender        : 결제 완료 알림 발송 orderNo=01M32S9P6P0M1HE538QAE3K2F6 paymentId=1 amount=10000
2026-09-22T05:07:41.848+09:00  INFO 16405 --- [be-commerce] [         task-5] c.b.b.n.LoggingNotificationSender        : 결제 완료 알림 발송 orderNo=01M32S9P9FJGXFHET93DJS64CK paymentId=2 amount=10000
2026-09-22T05:07:41.886+09:00  INFO 16405 --- [be-commerce] [         task-2] c.b.b.n.LoggingNotificationSender        : 결제 완료 알림 발송 orderNo=01M32S9PCBPQ4PD73NYSFZV3F7 paymentId=3 amount=10000
2026-09-22T05:07:41.931+09:00  INFO 16405 --- [be-commerce] [         task-3] c.b.b.n.LoggingNotificationSender        : 결제 완료 알림 발송 orderNo=01M32S9PFYH3E8K0QQHSTKFSPS paymentId=4 amount=10000
2026-09-22T05:07:41.979+09:00  INFO 16405 --- [be-commerce] [         task-2] c.b.b.n.LoggingNotificationSender        : 결제 완료 알림 발송 orderNo=01M32S9PJP700TJ0VDDMJ9RZY3 paymentId=5 amount=10000
2026-09-22T05:07:42.058+09:00  INFO 16405 --- [be-commerce] [         task-6] c.b.b.n.LoggingNotificationSender        : 결제 완료 알림 발송 orderNo=01M32S9PNRSABS37JY5KHH29AR paymentId=6 amount=10000
2026-09-22T05:07:42.159+09:00  INFO 16405 --- [be-commerce] [         task-2] c.b.b.n.LoggingNotificationSender        : 결제 완료 알림 발송 orderNo=01M32S9PRSJDGX5GAM0WHSRHW5 paymentId=7 amount=10000
2026-09-22T05:07:42.252+09:00  INFO 16405 --- [be-commerce] [         task-8] c.b.b.n.LoggingNotificationSender        : 결제 완료 알림 발송 orderNo=01M32S9PVYMCPSSNZM2X2WFS4E paymentId=8 amount=10000
2026-09-22T05:07:42.348+09:00  INFO 16405 --- [be-commerce] [         task-2] c.b.b.n.LoggingNotificationSender        : 결제 완료 알림 발송 orderNo=01M32S9PZ2KKNKDASBB3JA08SW paymentId=9 amount=10000
2026-09-22T05:07:42.447+09:00  INFO 16405 --- [be-commerce] [         task-3] c.b.b.n.LoggingNotificationSender        : 결제 완료 알림 발송 orderNo=01M32S9Q26G2ZYYQQ5G1FW6R9S paymentId=10 amount=10000
2026-09-22T05:07:42.564+09:00  INFO 16405 --- [be-commerce] [         task-7] c.b.b.n.LoggingNotificationSender        : 결제 완료 알림 발송 orderNo=01M32S9Q5B3PP6KKKGKRM00Z8X paymentId=11 amount=10000
2026-09-22T05:07:42.651+09:00  INFO 16405 --- [be-commerce] [         task-7] c.b.b.n.LoggingNotificationSender        : 결제 완료 알림 발송 orderNo=01M32S9Q8FPS9KKTY87VPWE7DV paymentId=12 amount=10000
2026-09-22T05:07:42.752+09:00  INFO 16405 --- [be-commerce] [         task-2] c.b.b.n.LoggingNotificationSender        : 결제 완료 알림 발송 orderNo=01M32S9QBKP2BGGKJFXN066DRX paymentId=13 amount=10000
2026-09-22T05:07:42.875+09:00  INFO 16405 --- [be-commerce] [         task-1] c.b.b.n.LoggingNotificationSender        : 결제 완료 알림 발송 orderNo=01M32S9QER9XH6HKNWVQ0CX616 paymentId=14 amount=10000
2026-09-22T05:07:42.985+09:00  INFO 16405 --- [be-commerce] [         task-8] c.b.b.n.LoggingNotificationSender        : 결제 완료 알림 발송 orderNo=01M32S9QHYZHNDR8QVH41ZSBNJ paymentId=15 amount=10000
2026-09-22T05:07:43.058+09:00  INFO 16405 --- [be-commerce] [         task-8] c.b.b.n.LoggingNotificationSender        : 결제 완료 알림 발송 orderNo=01M32S9QMX6ZSFEH054WP6ARMB paymentId=16 amount=10000
2026-09-22T05:07:43.155+09:00  INFO 16405 --- [be-commerce] [         task-1] c.b.b.n.LoggingNotificationSender        : 결제 완료 알림 발송 orderNo=01M32S9QR2SH3QQWR05SFXZN3Z paymentId=17 amount=10000
2026-09-22T05:07:43.260+09:00  INFO 16405 --- [be-commerce] [         task-6] c.b.b.n.LoggingNotificationSender        : 결제 완료 알림 발송 orderNo=01M32S9QV67GKD9C0B7JDKZQPQ paymentId=18 amount=10000
2026-09-22T05:07:43.342+09:00  INFO 16405 --- [be-commerce] [         task-6] c.b.b.n.LoggingNotificationSender        : 결제 완료 알림 발송 orderNo=01M32S9QYA2K81BZ7VSRFRSJAZ paymentId=19 amount=10000
2026-09-22T05:07:43.440+09:00  INFO 16405 --- [be-commerce] [         task-5] c.b.b.n.LoggingNotificationSender        : 결제 완료 알림 발송 orderNo=01M32S9R1E7DP8BXC40HA8YQ9M paymentId=20 amount=10000
2026-09-22T05:07:43.546+09:00  INFO 16405 --- [be-commerce] [         task-5] c.b.b.n.LoggingNotificationSender        : 결제 완료 알림 발송 orderNo=01M32S9R4JCV9VTEK8T6RR83CC paymentId=21 amount=10000
2026-09-22T05:07:43.637+09:00  INFO 16405 --- [be-commerce] [         task-6] c.b.b.n.LoggingNotificationSender        : 결제 완료 알림 발송 orderNo=01M32S9R7MYMHBX21AAMY1QG14 paymentId=22 amount=10000
2026-09-22T05:07:43.739+09:00  INFO 16405 --- [be-commerce] [         task-6] c.b.b.n.LoggingNotificationSender        : 결제 완료 알림 발송 orderNo=01M32S9RAT2X0AGPS0VPRMR004 paymentId=23 amount=10000
2026-09-22T05:07:43.832+09:00  INFO 16405 --- [be-commerce] [         task-4] c.b.b.n.LoggingNotificationSender        : 결제 완료 알림 발송 orderNo=01M32S9RDX7EA9WN269CHW90X8 paymentId=24 amount=10000
2026-09-22T05:07:43.939+09:00  INFO 16405 --- [be-commerce] [         task-2] c.b.b.n.LoggingNotificationSender        : 결제 완료 알림 발송 orderNo=01M32S9RH1XX3VBSMCYYY8B33P paymentId=25 amount=10000
2026-09-22T05:07:44.045+09:00  INFO 16405 --- [be-commerce] [         task-6] c.b.b.n.LoggingNotificationSender        : 결제 완료 알림 발송 orderNo=01M32S9RM5SRC7D0RN2PQ3NCC5 paymentId=26 amount=10000
2026-09-22T05:07:44.139+09:00  INFO 16405 --- [be-commerce] [         task-4] c.b.b.n.LoggingNotificationSender        : 결제 완료 알림 발송 orderNo=01M32S9RQ8AD4P00X9DP1X31CR paymentId=27 amount=10000
2026-09-22T05:07:44.245+09:00  INFO 16405 --- [be-commerce] [         task-2] c.b.b.n.LoggingNotificationSender        : 결제 완료 알림 발송 orderNo=01M32S9RTDJ56MSDAVF6XS3JHE paymentId=28 amount=10000
2026-09-22T05:07:44.344+09:00  INFO 16405 --- [be-commerce] [         task-6] c.b.b.n.LoggingNotificationSender        : 결제 완료 알림 발송 orderNo=01M32S9RXHHAB69M3C63SPTSRQ paymentId=29 amount=10000
2026-09-22T05:07:44.444+09:00  INFO 16405 --- [be-commerce] [         task-4] c.b.b.n.LoggingNotificationSender        : 결제 완료 알림 발송 orderNo=01M32S9S0PMCXHYAWPYWYVM9AA paymentId=30 amount=10000
2026-09-22T05:07:44.559+09:00  INFO 16405 --- [be-commerce] [         task-1] c.b.b.n.LoggingNotificationSender        : 결제 완료 알림 발송 orderNo=01M32S9S3X9JT4PX2Z2H1QVWJ1 paymentId=31 amount=10000
2026-09-22T05:07:44.644+09:00  INFO 16405 --- [be-commerce] [         task-1] c.b.b.n.LoggingNotificationSender        : 결제 완료 알림 발송 orderNo=01M32S9S6WW53SBPW0KD8XR098 paymentId=32 amount=10000
2026-09-22T05:07:44.757+09:00  INFO 16405 --- [be-commerce] [         task-5] c.b.b.n.LoggingNotificationSender        : 결제 완료 알림 발송 orderNo=01M32S9SA1Z0MERHNSAJHDE0A3 paymentId=33 amount=10000
2026-09-22T05:07:44.839+09:00  INFO 16405 --- [be-commerce] [         task-2] c.b.b.n.LoggingNotificationSender        : 결제 완료 알림 발송 orderNo=01M32S9SD5Y2BC6S6423A0PSG9 paymentId=34 amount=10000
2026-09-22T05:07:44.946+09:00  INFO 16405 --- [be-commerce] [         task-1] c.b.b.n.LoggingNotificationSender        : 결제 완료 알림 발송 orderNo=01M32S9SGAENA8KAA9PERNT1WY paymentId=35 amount=10000
2026-09-22T05:07:45.041+09:00  INFO 16405 --- [be-commerce] [         task-6] c.b.b.n.LoggingNotificationSender        : 결제 완료 알림 발송 orderNo=01M32S9SKDT59E3Y3WQZP0BR4B paymentId=36 amount=10000
2026-09-22T05:07:45.138+09:00  INFO 16405 --- [be-commerce] [         task-2] c.b.b.n.LoggingNotificationSender        : 결제 완료 알림 발송 orderNo=01M32S9SPGFF7MC6W8AWF6EX2S paymentId=37 amount=10000
2026-09-22T05:07:45.241+09:00  INFO 16405 --- [be-commerce] [         task-4] c.b.b.n.LoggingNotificationSender        : 결제 완료 알림 발송 orderNo=01M32S9SSNTP9ZF5SBCXZ8M57J paymentId=38 amount=10000
2026-09-22T05:07:45.338+09:00  INFO 16405 --- [be-commerce] [         task-4] c.b.b.n.LoggingNotificationSender        : 결제 완료 알림 발송 orderNo=01M32S9SWSKEWG07YB3RGKR0DG paymentId=39 amount=10000
2026-09-22T05:07:45.446+09:00  INFO 16405 --- [be-commerce] [         task-5] c.b.b.n.LoggingNotificationSender        : 결제 완료 알림 발송 orderNo=01M32S9SZX2ZGT7BYWFTW744WM paymentId=40 amount=10000
2026-09-22T05:07:45.483+09:00  INFO 16405 --- [be-commerce] [ionShutdownHook] o.s.b.w.e.tomcat.GracefulShutdown        : Commencing graceful shutdown. Waiting for active requests to complete
2026-09-22T05:07:45.485+09:00  INFO 16405 --- [be-commerce] [tomcat-shutdown] o.s.b.w.e.tomcat.GracefulShutdown        : Graceful shutdown complete
2026-09-22T05:07:45.497+09:00  INFO 16405 --- [be-commerce] [ionShutdownHook] .s.m.e.c.DefaultEventPublicationRegistry : No publications outstanding!
2026-09-22T05:07:45.509+09:00  INFO 16405 --- [be-commerce] [ionShutdownHook] j.LocalContainerEntityManagerFactoryBean : Closing JPA EntityManagerFactory for persistence unit 'default'
2026-09-22T05:07:45.510+09:00  INFO 16405 --- [be-commerce] [ionShutdownHook] com.zaxxer.hikari.HikariDataSource       : HikariPool-1 - Shutdown initiated...
2026-09-22T05:07:45.524+09:00  INFO 16405 --- [be-commerce] [ionShutdownHook] com.zaxxer.hikari.HikariDataSource       : HikariPool-1 - Shutdown completed.
