
  .   ____          _            __ _ _
 /\\ / ___'_ __ _ _(_)_ __  __ _ \ \ \ \
( ( )\___ | '_ | '_| | '_ \/ _` | \ \ \ \
 \\/  ___)| |_)| | | | | || (_| |  ) ) ) )
  '  |____| .__|_| |_|_| |_\__, | / / / /
 =========|_|==============|___/=/_/_/_/

 :: Spring Boot ::                (v3.4.2)

2026-09-22T04:59:20.008+09:00  INFO 8416 --- [be-commerce] [           main] c.b.becommerce.BeCommerceApplication     : Starting BeCommerceApplication v0.0.1-SNAPSHOT using Java 21.0.9 with PID 8416 (/Users/beomsu/Desktop/pay/build/libs/be-commerce-0.0.1-SNAPSHOT.jar started by beomsu in /Users/beomsu/Desktop/pay)
2026-09-22T04:59:20.010+09:00  INFO 8416 --- [be-commerce] [           main] c.b.becommerce.BeCommerceApplication     : No active profile set, falling back to 1 default profile: "default"
2026-09-22T04:59:20.808+09:00  INFO 8416 --- [be-commerce] [           main] .s.d.r.c.RepositoryConfigurationDelegate : Multiple Spring Data modules found, entering strict repository configuration mode
2026-09-22T04:59:20.809+09:00  INFO 8416 --- [be-commerce] [           main] .s.d.r.c.RepositoryConfigurationDelegate : Bootstrapping Spring Data JPA repositories in DEFAULT mode.
2026-09-22T04:59:20.964+09:00  INFO 8416 --- [be-commerce] [           main] .s.d.r.c.RepositoryConfigurationDelegate : Finished Spring Data repository scanning in 149 ms. Found 44 JPA repository interfaces.
2026-09-22T04:59:21.542+09:00  INFO 8416 --- [be-commerce] [           main] o.s.b.w.embedded.tomcat.TomcatWebServer  : Tomcat initialized with port 18080 (http)
2026-09-22T04:59:21.692+09:00  INFO 8416 --- [be-commerce] [           main] o.apache.catalina.core.StandardService   : Starting service [Tomcat]
2026-09-22T04:59:21.693+09:00  INFO 8416 --- [be-commerce] [           main] o.apache.catalina.core.StandardEngine    : Starting Servlet engine: [Apache Tomcat/10.1.34]
2026-09-22T04:59:21.726+09:00  INFO 8416 --- [be-commerce] [           main] o.a.c.c.C.[Tomcat].[localhost].[/]       : Initializing Spring embedded WebApplicationContext
2026-09-22T04:59:21.727+09:00  INFO 8416 --- [be-commerce] [           main] w.s.c.ServletWebServerApplicationContext : Root WebApplicationContext: initialization completed in 1686 ms
2026-09-22T04:59:22.009+09:00  INFO 8416 --- [be-commerce] [           main] com.zaxxer.hikari.HikariDataSource       : HikariPool-1 - Starting...
2026-09-22T04:59:22.222+09:00  INFO 8416 --- [be-commerce] [           main] com.zaxxer.hikari.pool.HikariPool        : HikariPool-1 - Added connection com.mysql.cj.jdbc.ConnectionImpl@7a6b214c
2026-09-22T04:59:22.223+09:00  INFO 8416 --- [be-commerce] [           main] com.zaxxer.hikari.HikariDataSource       : HikariPool-1 - Start completed.
2026-09-22T04:59:22.252+09:00  INFO 8416 --- [be-commerce] [           main] org.flywaydb.core.FlywayExecutor         : Database: jdbc:mysql://localhost:3306/becommerce?serverTimezone=UTC&characterEncoding=UTF-8 (MySQL 8.4)
2026-09-22T04:59:22.723+09:00  WARN 8416 --- [be-commerce] [           main] o.f.c.internal.database.base.Database    : Flyway upgrade recommended: MySQL 8.4 is newer than this version of Flyway and support has not been tested. The latest supported version of MySQL is 8.1.
2026-09-22T04:59:22.764+09:00  INFO 8416 --- [be-commerce] [           main] o.f.core.internal.command.DbValidate     : Successfully validated 63 migrations (execution time 00:00.033s)
2026-09-22T04:59:22.777+09:00  INFO 8416 --- [be-commerce] [           main] o.f.core.internal.command.DbMigrate      : Current version of schema `becommerce`: 63
2026-09-22T04:59:22.779+09:00  INFO 8416 --- [be-commerce] [           main] o.f.core.internal.command.DbMigrate      : Schema `becommerce` is up to date. No migration necessary.
2026-09-22T04:59:22.841+09:00  INFO 8416 --- [be-commerce] [           main] o.hibernate.jpa.internal.util.LogHelper  : HHH000204: Processing PersistenceUnitInfo [name: default]
2026-09-22T04:59:22.884+09:00  INFO 8416 --- [be-commerce] [           main] org.hibernate.Version                    : HHH000412: Hibernate ORM core version 6.6.5.Final
2026-09-22T04:59:22.906+09:00  INFO 8416 --- [be-commerce] [           main] o.h.c.internal.RegionFactoryInitiator    : HHH000026: Second-level cache disabled
2026-09-22T04:59:23.116+09:00  INFO 8416 --- [be-commerce] [           main] o.s.o.j.p.SpringPersistenceUnitInfo      : No LoadTimeWeaver setup: ignoring JPA class transformer
2026-09-22T04:59:23.164+09:00  INFO 8416 --- [be-commerce] [           main] org.hibernate.orm.connections.pooling    : HHH10001005: Database info:
	Database JDBC URL [Connecting through datasource 'HikariDataSource (HikariPool-1)']
	Database driver: undefined/unknown
	Database version: 8.4.11
	Autocommit mode: undefined/unknown
	Isolation level: undefined/unknown
	Minimum pool size: undefined/unknown
	Maximum pool size: undefined/unknown
2026-09-22T04:59:24.089+09:00  INFO 8416 --- [be-commerce] [           main] o.h.e.t.j.p.i.JtaPlatformInitiator       : HHH000489: No JTA platform available (set 'hibernate.transaction.jta.platform' to enable JTA platform integration)
2026-09-22T04:59:24.122+09:00  INFO 8416 --- [be-commerce] [           main] j.LocalContainerEntityManagerFactoryBean : Initialized JPA EntityManagerFactory for persistence unit 'default'
2026-09-22T04:59:24.378+09:00  INFO 8416 --- [be-commerce] [           main] o.s.d.j.r.query.QueryEnhancerFactory     : Hibernate is in classpath; If applicable, HQL parser will be used.
2026-09-22T04:59:25.634+09:00  INFO 8416 --- [be-commerce] [           main] c.b.b.auth.HashConcurrencyLimiter        : 비밀번호 해싱 동시 실행 상한 8건 (해시당 약 19.84MB)
2026-09-22T04:59:26.076+09:00  INFO 8416 --- [be-commerce] [           main] r$InitializeUserDetailsManagerConfigurer : Global AuthenticationManager configured with UserDetailsService bean with name userDetailsService
2026-09-22T04:59:26.578+09:00  INFO 8416 --- [be-commerce] [           main] c.b.becommerce.order.catalog.FacetCache  : 패싯 사전 집계=켜짐 TTL=PT1M 상한=200개
2026-09-22T04:59:26.585+09:00  INFO 8416 --- [be-commerce] [           main] c.b.b.r.internal.ItemPoolSource          : 추천 후보 집합=CATALOG (CATALOG=실제 상품 · EXPERIMENT=실험용 합성 풀) · 인기 신호=AUTO 창=recent_7d
2026-09-22T04:59:26.587+09:00  INFO 8416 --- [be-commerce] [           main] c.b.b.r.internal.StubModelClient         : 모델 스텁=RANKING 직렬 0항목 → 지연 50ms (기준 50ms, 항목당 15ms) 용량 4동시
2026-09-22T04:59:26.590+09:00  INFO 8416 --- [be-commerce] [           main] c.b.b.r.internal.OverloadGate            : 과부하 정책=BOUNDED maxInFlight=24 admissionBudget=100ms 모델용량=4동시/50ms(범위 RANKING)
2026-09-22T04:59:26.596+09:00  INFO 8416 --- [be-commerce] [           main] c.b.b.r.internal.RecommendationService   : 제약 확인 정책=AFTER_GENERATION 생성 범위=RANKING (E4·E5)
2026-09-22T04:59:26.608+09:00  INFO 8416 --- [be-commerce] [           main] c.b.b.home.internal.ImpressionRecorder   : 홈 노출 기록=켜짐 (요청당 한 행)
2026-09-22T04:59:26.610+09:00  INFO 8416 --- [be-commerce] [           main] c.beomsu.becommerce.home.HomeComposer    : 홈 조립 규칙=FULL 행상한=5 항목상한=8 최소항목=3 카테고리상한=3 후보깊이=16
2026-09-22T04:59:26.921+09:00  INFO 8416 --- [be-commerce] [           main] c.b.b.payment.web.TossWebhookController  : 토스 웹훅 발신 IP 검사 off — payment.webhook.toss-allowed-ips 미설정
2026-09-22T04:59:27.170+09:00  INFO 8416 --- [be-commerce] [           main] o.s.b.a.w.s.WelcomePageHandlerMapping    : Adding welcome page: class path resource [static/index.html]
2026-09-22T04:59:27.340+09:00  INFO 8416 --- [be-commerce] [           main] o.s.b.a.e.web.EndpointLinksResolver      : Exposing 4 endpoints beneath base path '/actuator'
2026-09-22T04:59:27.780+09:00  INFO 8416 --- [be-commerce] [           main] o.s.b.w.embedded.tomcat.TomcatWebServer  : Tomcat started on port 18080 (http) with context path '/'
2026-09-22T04:59:27.803+09:00  INFO 8416 --- [be-commerce] [           main] c.b.becommerce.BeCommerceApplication     : Started BeCommerceApplication in 8.123 seconds (process running for 8.505)
2026-09-22T04:59:27.810+09:00  INFO 8416 --- [be-commerce] [           main] c.b.b.a.i.PasswordHashingCapacityCheck   : 비밀번호 해싱 메모리 여유 확인 (최악 1984MB / 힙 8192MB)
2026-09-22T04:59:27.842+09:00  INFO 8416 --- [be-commerce] [           main] c.b.b.f.internal.FraudBlacklistReloader  : FDS 블랙리스트 재적재 count=0
2026-09-22T04:59:28.492+09:00  INFO 8416 --- [be-commerce] [io-18080-exec-1] o.a.c.c.C.[Tomcat].[localhost].[/]       : Initializing Spring DispatcherServlet 'dispatcherServlet'
2026-09-22T04:59:28.492+09:00  INFO 8416 --- [be-commerce] [io-18080-exec-1] o.s.web.servlet.DispatcherServlet        : Initializing Servlet 'dispatcherServlet'
2026-09-22T04:59:28.493+09:00  INFO 8416 --- [be-commerce] [io-18080-exec-1] o.s.web.servlet.DispatcherServlet        : Completed initialization in 1 ms
2026-09-22T04:59:33.548+09:00  INFO 8416 --- [be-commerce] [io-18080-exec-2] c.b.b.r.internal.ItemPoolSource          : 인기 신호를 읽었다 — 창=recent_7d 기준일=2020-09-22 (개수=12)
2026-09-22T04:59:38.661+09:00  INFO 8416 --- [be-commerce] [ionShutdownHook] o.s.b.w.e.tomcat.GracefulShutdown        : Commencing graceful shutdown. Waiting for active requests to complete
2026-09-22T04:59:38.663+09:00  INFO 8416 --- [be-commerce] [tomcat-shutdown] o.s.b.w.e.tomcat.GracefulShutdown        : Graceful shutdown complete
2026-09-22T04:59:38.677+09:00  INFO 8416 --- [be-commerce] [ionShutdownHook] .s.m.e.c.DefaultEventPublicationRegistry : No publications outstanding!
2026-09-22T04:59:38.691+09:00  INFO 8416 --- [be-commerce] [ionShutdownHook] j.LocalContainerEntityManagerFactoryBean : Closing JPA EntityManagerFactory for persistence unit 'default'
2026-09-22T04:59:38.692+09:00  INFO 8416 --- [be-commerce] [ionShutdownHook] com.zaxxer.hikari.HikariDataSource       : HikariPool-1 - Shutdown initiated...
2026-09-22T04:59:38.707+09:00  INFO 8416 --- [be-commerce] [ionShutdownHook] com.zaxxer.hikari.HikariDataSource       : HikariPool-1 - Shutdown completed.
