== M7 홈 조립 실측 시작
== 규칙: FULL / 인기 신호: AUTO / 되채우기 깊이: 1 / 사용자 6명 / 활동 8건
== 행 상한 5 · 항목 상한 8 · 최소 항목 3 · 카테고리 상한 3
== 전달 방식 IN_REQUEST(동기) — 활동을 심은 직후 홈을 부르므로 컨텍스트가 반영돼 있어야 한다
== 출력: <OUT>
== 활동에 쓸 실제 상품 id: 200개
-- FULL

**사용자별** — 한 화면이 실제로 어떻게 조립됐는가

| 규칙 | 사용자 | 출처 | 행 | 항목 | 중복 제외 | 품절 제외 | **다양성 상한** | 미매칭 | distinct 대분류 | context | 추론 | 제약 | 잔차 |
|---|---:|---|---:|---:|---:|---:|---:|---:|---:|---:|---:|---:|---:|
| `FULL` | 1000 | MODEL | 3 | 13 | 8 | 0 | **7** | 0 | 3 | 1ms | 58ms | 18ms | 76ms |
| `FULL` | 1001 | MODEL | 3 | 12 | 7 | 2 | **5** | 0 | 3 | 1ms | 60ms | 4ms | 26ms |
| `FULL` | 1002 | MODEL | 3 | 13 | 7 | 2 | **4** | 0 | 3 | 1ms | 61ms | 5ms | 25ms |
| `FULL` | 1003 | MODEL | 3 | 14 | 7 | 2 | **3** | 0 | 4 | 1ms | 64ms | 5ms | 26ms |
| `FULL` | 1004 | MODEL | 3 | 15 | 7 | 1 | **4** | 0 | 4 | 1ms | 65ms | 5ms | 20ms |
| `FULL` | 1005 | MODEL | 3 | 14 | 5 | 0 | **9** | 0 | 4 | 0ms | 57ms | 4ms | 25ms |

**규칙별 평균** — 규칙을 올리면서 무엇을 얻고 무엇을 내주는가

| 규칙 | 화면 | 행 | 항목 | 중복 제외 | 다양성 상한 | distinct 대분류 | 추론 중앙 | 제약 중앙 | 잔차 |
|---|---:|---:|---:|---:|---:|---:|---:|---:|---:|
| `FULL` | 6 | **3.0** | **13.5** | 6.8 | **5.3** | **3.5** | 60.8ms | 6.8ms | 33.0ms |

**행별 구성** — 행마다 몇 개가 나갔고 어느 대분류에 몰렸는가(#198 재측정에서 필요해졌다)

| 규칙 | 행 | 항목 중앙 | **평균 표시 순위** | distinct 대분류 중앙 | 대분류 분포(예시) |
|---|---|---:|---:|---:|---|
| `FULL` | `MODEL_TOP_K` | **4.0** | **7.9** | **1.8** | ladieswear 17, divided 6, sport 1 |
| `FULL` | `POPULARITY` | **3.8** | **2.6** | **1.8** | ladieswear 18, sport 5 |
| `FULL` | `RECENT_VIEW` | **5.7** | **4.2** | **2.5** | ladieswear 18, sport 7, menswear 5, kids 4 |
