
  .   ____          _            __ _ _
 /\\ / ___'_ __ _ _(_)_ __  __ _ \ \ \ \
( ( )\___ | '_ | '_| | '_ \/ _` | \ \ \ \
 \\/  ___)| |_)| | | | | || (_| |  ) ) ) )
  '  |____| .__|_| |_|_| |_\__, | / / / /
 =========|_|==============|___/=/_/_/_/

 :: Spring Boot ::                (v3.4.2)

2026-09-22T05:23:18.468+09:00  INFO 24371 --- [be-commerce] [           main] c.b.becommerce.BeCommerceApplication     : Starting BeCommerceApplication v0.0.1-SNAPSHOT using Java 21.0.9 with PID 24371 (/Users/beomsu/Desktop/pay/build/libs/be-commerce-0.0.1-SNAPSHOT.jar started by beomsu in /Users/beomsu/Desktop/pay)
2026-09-22T05:23:18.469+09:00  INFO 24371 --- [be-commerce] [           main] c.b.becommerce.BeCommerceApplication     : No active profile set, falling back to 1 default profile: "default"
2026-09-22T05:23:19.230+09:00  INFO 24371 --- [be-commerce] [           main] .s.d.r.c.RepositoryConfigurationDelegate : Multiple Spring Data modules found, entering strict repository configuration mode
2026-09-22T05:23:19.232+09:00  INFO 24371 --- [be-commerce] [           main] .s.d.r.c.RepositoryConfigurationDelegate : Bootstrapping Spring Data JPA repositories in DEFAULT mode.
2026-09-22T05:23:19.386+09:00  INFO 24371 --- [be-commerce] [           main] .s.d.r.c.RepositoryConfigurationDelegate : Finished Spring Data repository scanning in 148 ms. Found 44 JPA repository interfaces.
2026-09-22T05:23:19.965+09:00  INFO 24371 --- [be-commerce] [           main] o.s.b.w.embedded.tomcat.TomcatWebServer  : Tomcat initialized with port 18080 (http)
2026-09-22T05:23:20.117+09:00  INFO 24371 --- [be-commerce] [           main] o.apache.catalina.core.StandardService   : Starting service [Tomcat]
2026-09-22T05:23:20.117+09:00  INFO 24371 --- [be-commerce] [           main] o.apache.catalina.core.StandardEngine    : Starting Servlet engine: [Apache Tomcat/10.1.34]
2026-09-22T05:23:20.152+09:00  INFO 24371 --- [be-commerce] [           main] o.a.c.c.C.[Tomcat].[localhost].[/]       : Initializing Spring embedded WebApplicationContext
2026-09-22T05:23:20.158+09:00  INFO 24371 --- [be-commerce] [           main] w.s.c.ServletWebServerApplicationContext : Root WebApplicationContext: initialization completed in 1654 ms
2026-09-22T05:23:20.415+09:00  INFO 24371 --- [be-commerce] [           main] com.zaxxer.hikari.HikariDataSource       : HikariPool-1 - Starting...
2026-09-22T05:23:20.667+09:00  INFO 24371 --- [be-commerce] [           main] com.zaxxer.hikari.pool.HikariPool        : HikariPool-1 - Added connection com.mysql.cj.jdbc.ConnectionImpl@42ea14b8
2026-09-22T05:23:20.669+09:00  INFO 24371 --- [be-commerce] [           main] com.zaxxer.hikari.HikariDataSource       : HikariPool-1 - Start completed.
2026-09-22T05:23:20.707+09:00  INFO 24371 --- [be-commerce] [           main] org.flywaydb.core.FlywayExecutor         : Database: jdbc:mysql://localhost:3306/becommerce?serverTimezone=UTC&characterEncoding=UTF-8 (MySQL 8.4)
2026-09-22T05:23:21.179+09:00  WARN 24371 --- [be-commerce] [           main] o.f.c.internal.database.base.Database    : Flyway upgrade recommended: MySQL 8.4 is newer than this version of Flyway and support has not been tested. The latest supported version of MySQL is 8.1.
2026-09-22T05:23:21.219+09:00  INFO 24371 --- [be-commerce] [           main] o.f.core.internal.command.DbValidate     : Successfully validated 63 migrations (execution time 00:00.031s)
2026-09-22T05:23:21.234+09:00  INFO 24371 --- [be-commerce] [           main] o.f.core.internal.command.DbMigrate      : Current version of schema `becommerce`: 63
2026-09-22T05:23:21.236+09:00  INFO 24371 --- [be-commerce] [           main] o.f.core.internal.command.DbMigrate      : Schema `becommerce` is up to date. No migration necessary.
2026-09-22T05:23:21.298+09:00  INFO 24371 --- [be-commerce] [           main] o.hibernate.jpa.internal.util.LogHelper  : HHH000204: Processing PersistenceUnitInfo [name: default]
2026-09-22T05:23:21.341+09:00  INFO 24371 --- [be-commerce] [           main] org.hibernate.Version                    : HHH000412: Hibernate ORM core version 6.6.5.Final
2026-09-22T05:23:21.364+09:00  INFO 24371 --- [be-commerce] [           main] o.h.c.internal.RegionFactoryInitiator    : HHH000026: Second-level cache disabled
2026-09-22T05:23:21.542+09:00  INFO 24371 --- [be-commerce] [           main] o.s.o.j.p.SpringPersistenceUnitInfo      : No LoadTimeWeaver setup: ignoring JPA class transformer
2026-09-22T05:23:21.592+09:00  INFO 24371 --- [be-commerce] [           main] org.hibernate.orm.connections.pooling    : HHH10001005: Database info:
	Database JDBC URL [Connecting through datasource 'HikariDataSource (HikariPool-1)']
	Database driver: undefined/unknown
	Database version: 8.4.11
	Autocommit mode: undefined/unknown
	Isolation level: undefined/unknown
	Minimum pool size: undefined/unknown
	Maximum pool size: undefined/unknown
2026-09-22T05:23:22.513+09:00  INFO 24371 --- [be-commerce] [           main] o.h.e.t.j.p.i.JtaPlatformInitiator       : HHH000489: No JTA platform available (set 'hibernate.transaction.jta.platform' to enable JTA platform integration)
2026-09-22T05:23:22.553+09:00  INFO 24371 --- [be-commerce] [           main] j.LocalContainerEntityManagerFactoryBean : Initialized JPA EntityManagerFactory for persistence unit 'default'
2026-09-22T05:23:22.817+09:00  INFO 24371 --- [be-commerce] [           main] o.s.d.j.r.query.QueryEnhancerFactory     : Hibernate is in classpath; If applicable, HQL parser will be used.
2026-09-22T05:23:23.883+09:00  INFO 24371 --- [be-commerce] [           main] c.b.b.auth.HashConcurrencyLimiter        : 비밀번호 해싱 동시 실행 상한 8건 (해시당 약 19.84MB)
2026-09-22T05:23:24.125+09:00  INFO 24371 --- [be-commerce] [           main] r$InitializeUserDetailsManagerConfigurer : Global AuthenticationManager configured with UserDetailsService bean with name userDetailsService
2026-09-22T05:23:24.628+09:00  INFO 24371 --- [be-commerce] [           main] c.b.becommerce.order.catalog.FacetCache  : 패싯 사전 집계=켜짐 TTL=PT1M 상한=200개
2026-09-22T05:23:24.635+09:00  INFO 24371 --- [be-commerce] [           main] c.b.b.r.internal.ItemPoolSource          : 추천 후보 집합=EXPERIMENT (CATALOG=실제 상품 · EXPERIMENT=실험용 합성 풀) · 인기 신호=AUTO 창=recent_7d
2026-09-22T05:23:24.636+09:00  INFO 24371 --- [be-commerce] [           main] c.b.b.r.internal.StubModelClient         : 모델 스텁=RANKING 직렬 0항목 → 지연 50ms (기준 50ms, 항목당 15ms) 용량 4동시
2026-09-22T05:23:24.639+09:00  INFO 24371 --- [be-commerce] [           main] c.b.b.r.internal.OverloadGate            : 과부하 정책=BOUNDED maxInFlight=24 admissionBudget=100ms 모델용량=4동시/50ms(범위 RANKING)
2026-09-22T05:23:24.645+09:00  INFO 24371 --- [be-commerce] [           main] c.b.b.r.internal.RecommendationService   : 제약 확인 정책=AFTER_GENERATION 생성 범위=RANKING (E4·E5)
2026-09-22T05:23:24.654+09:00  INFO 24371 --- [be-commerce] [           main] c.b.b.home.internal.ImpressionRecorder   : 홈 노출 기록=켜짐 (요청당 한 행)
2026-09-22T05:23:24.656+09:00  INFO 24371 --- [be-commerce] [           main] c.beomsu.becommerce.home.HomeComposer    : 홈 조립 규칙=FULL 행상한=5 항목상한=8 최소항목=3 카테고리상한=3 후보깊이=8
2026-09-22T05:23:24.837+09:00  INFO 24371 --- [be-commerce] [           main] c.b.b.order.ExperimentStockChurn         : E4 재고 변화 주입기가 켜졌다 — 실제 stock 행을 고친다(실험 풀은 부르는 쪽이 넘긴다)
2026-09-22T05:23:24.951+09:00  INFO 24371 --- [be-commerce] [           main] c.b.b.payment.web.TossWebhookController  : 토스 웹훅 발신 IP 검사 off — payment.webhook.toss-allowed-ips 미설정
2026-09-22T05:23:25.178+09:00  INFO 24371 --- [be-commerce] [           main] o.s.b.a.w.s.WelcomePageHandlerMapping    : Adding welcome page: class path resource [static/index.html]
2026-09-22T05:23:25.326+09:00  INFO 24371 --- [be-commerce] [           main] o.s.b.a.e.web.EndpointLinksResolver      : Exposing 4 endpoints beneath base path '/actuator'
2026-09-22T05:23:25.731+09:00  INFO 24371 --- [be-commerce] [           main] o.s.b.w.embedded.tomcat.TomcatWebServer  : Tomcat started on port 18080 (http) with context path '/'
2026-09-22T05:23:25.746+09:00  INFO 24371 --- [be-commerce] [           main] c.b.becommerce.BeCommerceApplication     : Started BeCommerceApplication in 7.592 seconds (process running for 7.975)
2026-09-22T05:23:25.752+09:00  INFO 24371 --- [be-commerce] [           main] c.b.b.a.i.PasswordHashingCapacityCheck   : 비밀번호 해싱 메모리 여유 확인 (최악 1984MB / 힙 8192MB)
2026-09-22T05:23:25.784+09:00  INFO 24371 --- [be-commerce] [           main] c.b.b.f.internal.FraudBlacklistReloader  : FDS 블랙리스트 재적재 count=0
2026-09-22T05:23:25.967+09:00  INFO 24371 --- [be-commerce] [io-18080-exec-1] o.a.c.c.C.[Tomcat].[localhost].[/]       : Initializing Spring DispatcherServlet 'dispatcherServlet'
2026-09-22T05:23:25.968+09:00  INFO 24371 --- [be-commerce] [io-18080-exec-1] o.s.web.servlet.DispatcherServlet        : Initializing Servlet 'dispatcherServlet'
2026-09-22T05:23:25.969+09:00  INFO 24371 --- [be-commerce] [io-18080-exec-1] o.s.web.servlet.DispatcherServlet        : Completed initialization in 1 ms
2026-09-22T05:24:21.155+09:00  INFO 24371 --- [be-commerce] [ionShutdownHook] o.s.b.w.e.tomcat.GracefulShutdown        : Commencing graceful shutdown. Waiting for active requests to complete
2026-09-22T05:24:21.158+09:00  INFO 24371 --- [be-commerce] [tomcat-shutdown] o.s.b.w.e.tomcat.GracefulShutdown        : Graceful shutdown complete
2026-09-22T05:24:21.170+09:00  INFO 24371 --- [be-commerce] [ionShutdownHook] .s.m.e.c.DefaultEventPublicationRegistry : No publications outstanding!
2026-09-22T05:24:21.182+09:00  INFO 24371 --- [be-commerce] [ionShutdownHook] j.LocalContainerEntityManagerFactoryBean : Closing JPA EntityManagerFactory for persistence unit 'default'
2026-09-22T05:24:21.183+09:00  INFO 24371 --- [be-commerce] [ionShutdownHook] com.zaxxer.hikari.HikariDataSource       : HikariPool-1 - Shutdown initiated...
2026-09-22T05:24:21.197+09:00  INFO 24371 --- [be-commerce] [ionShutdownHook] com.zaxxer.hikari.HikariDataSource       : HikariPool-1 - Shutdown completed.
