
  .   ____          _            __ _ _
 /\\ / ___'_ __ _ _(_)_ __  __ _ \ \ \ \
( ( )\___ | '_ | '_| | '_ \/ _` | \ \ \ \
 \\/  ___)| |_)| | | | | || (_| |  ) ) ) )
  '  |____| .__|_| |_|_| |_\__, | / / / /
 =========|_|==============|___/=/_/_/_/

 :: Spring Boot ::                (v3.4.2)

2026-09-21T18:37:35.764+09:00  INFO 7588 --- [be-commerce] [           main] c.b.becommerce.BeCommerceApplication     : Starting BeCommerceApplication v0.0.1-SNAPSHOT using Java 21.0.9 with PID 7588 (/Users/beomsu/Desktop/pay/build/libs/be-commerce-0.0.1-SNAPSHOT.jar started by beomsu in /Users/beomsu/Desktop/pay)
2026-09-21T18:37:35.765+09:00  INFO 7588 --- [be-commerce] [           main] c.b.becommerce.BeCommerceApplication     : No active profile set, falling back to 1 default profile: "default"
2026-09-21T18:37:36.499+09:00  INFO 7588 --- [be-commerce] [           main] .s.d.r.c.RepositoryConfigurationDelegate : Multiple Spring Data modules found, entering strict repository configuration mode
2026-09-21T18:37:36.500+09:00  INFO 7588 --- [be-commerce] [           main] .s.d.r.c.RepositoryConfigurationDelegate : Bootstrapping Spring Data JPA repositories in DEFAULT mode.
2026-09-21T18:37:36.659+09:00  INFO 7588 --- [be-commerce] [           main] .s.d.r.c.RepositoryConfigurationDelegate : Finished Spring Data repository scanning in 152 ms. Found 42 JPA repository interfaces.
2026-09-21T18:37:37.250+09:00  INFO 7588 --- [be-commerce] [           main] o.s.b.w.embedded.tomcat.TomcatWebServer  : Tomcat initialized with port 18080 (http)
2026-09-21T18:37:37.430+09:00  INFO 7588 --- [be-commerce] [           main] o.apache.catalina.core.StandardService   : Starting service [Tomcat]
2026-09-21T18:37:37.430+09:00  INFO 7588 --- [be-commerce] [           main] o.apache.catalina.core.StandardEngine    : Starting Servlet engine: [Apache Tomcat/10.1.34]
2026-09-21T18:37:37.472+09:00  INFO 7588 --- [be-commerce] [           main] o.a.c.c.C.[Tomcat].[localhost].[/]       : Initializing Spring embedded WebApplicationContext
2026-09-21T18:37:37.485+09:00  INFO 7588 --- [be-commerce] [           main] w.s.c.ServletWebServerApplicationContext : Root WebApplicationContext: initialization completed in 1684 ms
2026-09-21T18:37:37.765+09:00  INFO 7588 --- [be-commerce] [           main] com.zaxxer.hikari.HikariDataSource       : HikariPool-1 - Starting...
2026-09-21T18:37:38.016+09:00  INFO 7588 --- [be-commerce] [           main] com.zaxxer.hikari.pool.HikariPool        : HikariPool-1 - Added connection com.mysql.cj.jdbc.ConnectionImpl@da4c5cb
2026-09-21T18:37:38.018+09:00  INFO 7588 --- [be-commerce] [           main] com.zaxxer.hikari.HikariDataSource       : HikariPool-1 - Start completed.
2026-09-21T18:37:38.059+09:00  INFO 7588 --- [be-commerce] [           main] org.flywaydb.core.FlywayExecutor         : Database: jdbc:mysql://localhost:3306/becommerce?serverTimezone=UTC&characterEncoding=UTF-8 (MySQL 8.4)
2026-09-21T18:37:38.539+09:00  WARN 7588 --- [be-commerce] [           main] o.f.c.internal.database.base.Database    : Flyway upgrade recommended: MySQL 8.4 is newer than this version of Flyway and support has not been tested. The latest supported version of MySQL is 8.1.
2026-09-21T18:37:38.578+09:00  INFO 7588 --- [be-commerce] [           main] o.f.core.internal.command.DbValidate     : Successfully validated 59 migrations (execution time 00:00.031s)
2026-09-21T18:37:38.592+09:00  INFO 7588 --- [be-commerce] [           main] o.f.core.internal.command.DbMigrate      : Current version of schema `becommerce`: 59
2026-09-21T18:37:38.594+09:00  INFO 7588 --- [be-commerce] [           main] o.f.core.internal.command.DbMigrate      : Schema `becommerce` is up to date. No migration necessary.
2026-09-21T18:37:38.660+09:00  INFO 7588 --- [be-commerce] [           main] o.hibernate.jpa.internal.util.LogHelper  : HHH000204: Processing PersistenceUnitInfo [name: default]
2026-09-21T18:37:38.702+09:00  INFO 7588 --- [be-commerce] [           main] org.hibernate.Version                    : HHH000412: Hibernate ORM core version 6.6.5.Final
2026-09-21T18:37:38.724+09:00  INFO 7588 --- [be-commerce] [           main] o.h.c.internal.RegionFactoryInitiator    : HHH000026: Second-level cache disabled
2026-09-21T18:37:38.901+09:00  INFO 7588 --- [be-commerce] [           main] o.s.o.j.p.SpringPersistenceUnitInfo      : No LoadTimeWeaver setup: ignoring JPA class transformer
2026-09-21T18:37:38.950+09:00  INFO 7588 --- [be-commerce] [           main] org.hibernate.orm.connections.pooling    : HHH10001005: Database info:
	Database JDBC URL [Connecting through datasource 'HikariDataSource (HikariPool-1)']
	Database driver: undefined/unknown
	Database version: 8.4.11
	Autocommit mode: undefined/unknown
	Isolation level: undefined/unknown
	Minimum pool size: undefined/unknown
	Maximum pool size: undefined/unknown
2026-09-21T18:37:39.807+09:00  INFO 7588 --- [be-commerce] [           main] o.h.e.t.j.p.i.JtaPlatformInitiator       : HHH000489: No JTA platform available (set 'hibernate.transaction.jta.platform' to enable JTA platform integration)
2026-09-21T18:37:39.849+09:00  INFO 7588 --- [be-commerce] [           main] j.LocalContainerEntityManagerFactoryBean : Initialized JPA EntityManagerFactory for persistence unit 'default'
2026-09-21T18:37:40.092+09:00  INFO 7588 --- [be-commerce] [           main] o.s.d.j.r.query.QueryEnhancerFactory     : Hibernate is in classpath; If applicable, HQL parser will be used.
2026-09-21T18:37:41.113+09:00  INFO 7588 --- [be-commerce] [           main] c.b.b.auth.HashConcurrencyLimiter        : 비밀번호 해싱 동시 실행 상한 8건 (해시당 약 19.84MB)
2026-09-21T18:37:41.425+09:00  INFO 7588 --- [be-commerce] [           main] r$InitializeUserDetailsManagerConfigurer : Global AuthenticationManager configured with UserDetailsService bean with name userDetailsService
2026-09-21T18:37:42.359+09:00  INFO 7588 --- [be-commerce] [           main] c.b.b.payment.web.TossWebhookController  : 토스 웹훅 발신 IP 검사 off — payment.webhook.toss-allowed-ips 미설정
2026-09-21T18:37:42.398+09:00  INFO 7588 --- [be-commerce] [           main] c.b.b.r.internal.OverloadGate            : 과부하 정책=UNBOUNDED maxInFlight=24 admissionBudget=100ms 모델용량=4동시/50ms
2026-09-21T18:37:42.619+09:00  INFO 7588 --- [be-commerce] [           main] o.s.b.a.w.s.WelcomePageHandlerMapping    : Adding welcome page: class path resource [static/index.html]
2026-09-21T18:37:42.792+09:00  INFO 7588 --- [be-commerce] [           main] o.s.b.a.e.web.EndpointLinksResolver      : Exposing 4 endpoints beneath base path '/actuator'
2026-09-21T18:37:43.235+09:00  INFO 7588 --- [be-commerce] [           main] o.s.b.w.embedded.tomcat.TomcatWebServer  : Tomcat started on port 18080 (http) with context path '/'
2026-09-21T18:37:43.249+09:00  INFO 7588 --- [be-commerce] [           main] o.s.s.config.TaskSchedulerRouter         : No TaskScheduler/ScheduledExecutorService bean found for scheduled processing
2026-09-21T18:37:43.253+09:00  INFO 7588 --- [be-commerce] [           main] c.b.becommerce.BeCommerceApplication     : Started BeCommerceApplication in 7.84 seconds (process running for 8.173)
2026-09-21T18:37:43.262+09:00  INFO 7588 --- [be-commerce] [           main] c.b.b.a.i.PasswordHashingCapacityCheck   : 비밀번호 해싱 메모리 여유 확인 (최악 1984MB / 힙 8192MB)
2026-09-21T18:37:43.268+09:00  INFO 7588 --- [be-commerce] [io-18080-exec-1] o.a.c.c.C.[Tomcat].[localhost].[/]       : Initializing Spring DispatcherServlet 'dispatcherServlet'
2026-09-21T18:37:43.268+09:00  INFO 7588 --- [be-commerce] [io-18080-exec-1] o.s.web.servlet.DispatcherServlet        : Initializing Servlet 'dispatcherServlet'
2026-09-21T18:37:43.270+09:00  INFO 7588 --- [be-commerce] [io-18080-exec-1] o.s.web.servlet.DispatcherServlet        : Completed initialization in 2 ms
2026-09-21T18:37:43.307+09:00  INFO 7588 --- [be-commerce] [           main] c.b.b.f.internal.FraudBlacklistReloader  : FDS 블랙리스트 재적재 count=0
2026-09-21T18:40:53.673+09:00  INFO 7588 --- [be-commerce] [ionShutdownHook] o.s.b.w.e.tomcat.GracefulShutdown        : Commencing graceful shutdown. Waiting for active requests to complete
2026-09-21T18:40:53.676+09:00  INFO 7588 --- [be-commerce] [tomcat-shutdown] o.s.b.w.e.tomcat.GracefulShutdown        : Graceful shutdown complete
2026-09-21T18:40:53.700+09:00  INFO 7588 --- [be-commerce] [ionShutdownHook] .s.m.e.c.DefaultEventPublicationRegistry : No publications outstanding!
2026-09-21T18:40:53.715+09:00  INFO 7588 --- [be-commerce] [ionShutdownHook] j.LocalContainerEntityManagerFactoryBean : Closing JPA EntityManagerFactory for persistence unit 'default'
2026-09-21T18:40:53.716+09:00  INFO 7588 --- [be-commerce] [ionShutdownHook] com.zaxxer.hikari.HikariDataSource       : HikariPool-1 - Shutdown initiated...
2026-09-21T18:40:53.730+09:00  INFO 7588 --- [be-commerce] [ionShutdownHook] com.zaxxer.hikari.HikariDataSource       : HikariPool-1 - Shutdown completed.
