
  .   ____          _            __ _ _
 /\\ / ___'_ __ _ _(_)_ __  __ _ \ \ \ \
( ( )\___ | '_ | '_| | '_ \/ _` | \ \ \ \
 \\/  ___)| |_)| | | | | || (_| |  ) ) ) )
  '  |____| .__|_| |_|_| |_\__, | / / / /
 =========|_|==============|___/=/_/_/_/

 :: Spring Boot ::                (v3.4.2)

2026-09-21T23:31:47.055+09:00  INFO 64005 --- [be-commerce] [           main] c.b.becommerce.BeCommerceApplication     : Starting BeCommerceApplication v0.0.1-SNAPSHOT using Java 21.0.9 with PID 64005 (/Users/beomsu/Desktop/pay/build/libs/be-commerce-0.0.1-SNAPSHOT.jar started by beomsu in /Users/beomsu/Desktop/pay)
2026-09-21T23:31:47.056+09:00  INFO 64005 --- [be-commerce] [           main] c.b.becommerce.BeCommerceApplication     : No active profile set, falling back to 1 default profile: "default"
2026-09-21T23:31:47.732+09:00  INFO 64005 --- [be-commerce] [           main] .s.d.r.c.RepositoryConfigurationDelegate : Multiple Spring Data modules found, entering strict repository configuration mode
2026-09-21T23:31:47.733+09:00  INFO 64005 --- [be-commerce] [           main] .s.d.r.c.RepositoryConfigurationDelegate : Bootstrapping Spring Data JPA repositories in DEFAULT mode.
2026-09-21T23:31:47.876+09:00  INFO 64005 --- [be-commerce] [           main] .s.d.r.c.RepositoryConfigurationDelegate : Finished Spring Data repository scanning in 138 ms. Found 42 JPA repository interfaces.
2026-09-21T23:31:48.435+09:00  INFO 64005 --- [be-commerce] [           main] o.s.b.w.embedded.tomcat.TomcatWebServer  : Tomcat initialized with port 18080 (http)
2026-09-21T23:31:48.582+09:00  INFO 64005 --- [be-commerce] [           main] o.apache.catalina.core.StandardService   : Starting service [Tomcat]
2026-09-21T23:31:48.582+09:00  INFO 64005 --- [be-commerce] [           main] o.apache.catalina.core.StandardEngine    : Starting Servlet engine: [Apache Tomcat/10.1.34]
2026-09-21T23:31:48.618+09:00  INFO 64005 --- [be-commerce] [           main] o.a.c.c.C.[Tomcat].[localhost].[/]       : Initializing Spring embedded WebApplicationContext
2026-09-21T23:31:48.618+09:00  INFO 64005 --- [be-commerce] [           main] w.s.c.ServletWebServerApplicationContext : Root WebApplicationContext: initialization completed in 1538 ms
2026-09-21T23:31:48.868+09:00  INFO 64005 --- [be-commerce] [           main] com.zaxxer.hikari.HikariDataSource       : HikariPool-1 - Starting...
2026-09-21T23:31:49.069+09:00  INFO 64005 --- [be-commerce] [           main] com.zaxxer.hikari.pool.HikariPool        : HikariPool-1 - Added connection com.mysql.cj.jdbc.ConnectionImpl@49ea4b65
2026-09-21T23:31:49.070+09:00  INFO 64005 --- [be-commerce] [           main] com.zaxxer.hikari.HikariDataSource       : HikariPool-1 - Start completed.
2026-09-21T23:31:49.098+09:00  INFO 64005 --- [be-commerce] [           main] org.flywaydb.core.FlywayExecutor         : Database: jdbc:mysql://localhost:3306/becommerce?serverTimezone=UTC&characterEncoding=UTF-8 (MySQL 8.4)
2026-09-21T23:31:49.566+09:00  WARN 64005 --- [be-commerce] [           main] o.f.c.internal.database.base.Database    : Flyway upgrade recommended: MySQL 8.4 is newer than this version of Flyway and support has not been tested. The latest supported version of MySQL is 8.1.
2026-09-21T23:31:49.604+09:00  INFO 64005 --- [be-commerce] [           main] o.f.core.internal.command.DbValidate     : Successfully validated 60 migrations (execution time 00:00.030s)
2026-09-21T23:31:49.620+09:00  INFO 64005 --- [be-commerce] [           main] o.f.core.internal.command.DbMigrate      : Current version of schema `becommerce`: 60
2026-09-21T23:31:49.622+09:00  INFO 64005 --- [be-commerce] [           main] o.f.core.internal.command.DbMigrate      : Schema `becommerce` is up to date. No migration necessary.
2026-09-21T23:31:49.677+09:00  INFO 64005 --- [be-commerce] [           main] o.hibernate.jpa.internal.util.LogHelper  : HHH000204: Processing PersistenceUnitInfo [name: default]
2026-09-21T23:31:49.717+09:00  INFO 64005 --- [be-commerce] [           main] org.hibernate.Version                    : HHH000412: Hibernate ORM core version 6.6.5.Final
2026-09-21T23:31:49.741+09:00  INFO 64005 --- [be-commerce] [           main] o.h.c.internal.RegionFactoryInitiator    : HHH000026: Second-level cache disabled
2026-09-21T23:31:49.930+09:00  INFO 64005 --- [be-commerce] [           main] o.s.o.j.p.SpringPersistenceUnitInfo      : No LoadTimeWeaver setup: ignoring JPA class transformer
2026-09-21T23:31:49.979+09:00  INFO 64005 --- [be-commerce] [           main] org.hibernate.orm.connections.pooling    : HHH10001005: Database info:
	Database JDBC URL [Connecting through datasource 'HikariDataSource (HikariPool-1)']
	Database driver: undefined/unknown
	Database version: 8.4.11
	Autocommit mode: undefined/unknown
	Isolation level: undefined/unknown
	Minimum pool size: undefined/unknown
	Maximum pool size: undefined/unknown
2026-09-21T23:31:50.856+09:00  INFO 64005 --- [be-commerce] [           main] o.h.e.t.j.p.i.JtaPlatformInitiator       : HHH000489: No JTA platform available (set 'hibernate.transaction.jta.platform' to enable JTA platform integration)
2026-09-21T23:31:50.893+09:00  INFO 64005 --- [be-commerce] [           main] j.LocalContainerEntityManagerFactoryBean : Initialized JPA EntityManagerFactory for persistence unit 'default'
2026-09-21T23:31:51.123+09:00  INFO 64005 --- [be-commerce] [           main] o.s.d.j.r.query.QueryEnhancerFactory     : Hibernate is in classpath; If applicable, HQL parser will be used.
2026-09-21T23:31:52.161+09:00  INFO 64005 --- [be-commerce] [           main] c.b.b.auth.HashConcurrencyLimiter        : 비밀번호 해싱 동시 실행 상한 8건 (해시당 약 19.84MB)
2026-09-21T23:31:52.649+09:00  INFO 64005 --- [be-commerce] [           main] r$InitializeUserDetailsManagerConfigurer : Global AuthenticationManager configured with UserDetailsService bean with name userDetailsService
2026-09-21T23:31:53.462+09:00  INFO 64005 --- [be-commerce] [           main] c.b.b.payment.web.TossWebhookController  : 토스 웹훅 발신 IP 검사 off — payment.webhook.toss-allowed-ips 미설정
2026-09-21T23:31:53.509+09:00  INFO 64005 --- [be-commerce] [           main] c.b.b.r.internal.OverloadGate            : 과부하 정책=BOUNDED maxInFlight=24 admissionBudget=100ms 모델용량=4동시/50ms(범위 RANKING)
2026-09-21T23:31:53.512+09:00  INFO 64005 --- [be-commerce] [           main] c.b.b.r.internal.StubModelClient         : 모델 스텁=RANKING 직렬 0항목 → 지연 50ms (기준 50ms, 항목당 15ms) 용량 4동시
2026-09-21T23:31:53.514+09:00  INFO 64005 --- [be-commerce] [           main] c.b.b.r.internal.RecommendationService   : 제약 확인 정책=AFTER_GENERATION 생성 범위=RANKING (E4·E5)
2026-09-21T23:31:53.704+09:00  INFO 64005 --- [be-commerce] [           main] o.s.b.a.w.s.WelcomePageHandlerMapping    : Adding welcome page: class path resource [static/index.html]
2026-09-21T23:31:53.847+09:00  INFO 64005 --- [be-commerce] [           main] o.s.b.a.e.web.EndpointLinksResolver      : Exposing 4 endpoints beneath base path '/actuator'
2026-09-21T23:31:54.276+09:00  INFO 64005 --- [be-commerce] [           main] o.s.b.w.embedded.tomcat.TomcatWebServer  : Tomcat started on port 18080 (http) with context path '/'
2026-09-21T23:31:54.296+09:00  INFO 64005 --- [be-commerce] [           main] o.s.s.config.TaskSchedulerRouter         : No TaskScheduler/ScheduledExecutorService bean found for scheduled processing
2026-09-21T23:31:54.298+09:00  INFO 64005 --- [be-commerce] [           main] c.b.becommerce.BeCommerceApplication     : Started BeCommerceApplication in 7.538 seconds (process running for 7.88)
2026-09-21T23:31:54.303+09:00  INFO 64005 --- [be-commerce] [           main] c.b.b.a.i.PasswordHashingCapacityCheck   : 비밀번호 해싱 메모리 여유 확인 (최악 1984MB / 힙 8192MB)
2026-09-21T23:31:54.343+09:00  INFO 64005 --- [be-commerce] [           main] c.b.b.f.internal.FraudBlacklistReloader  : FDS 블랙리스트 재적재 count=0
2026-09-21T23:31:54.599+09:00  INFO 64005 --- [be-commerce] [io-18080-exec-1] o.a.c.c.C.[Tomcat].[localhost].[/]       : Initializing Spring DispatcherServlet 'dispatcherServlet'
2026-09-21T23:31:54.599+09:00  INFO 64005 --- [be-commerce] [io-18080-exec-1] o.s.web.servlet.DispatcherServlet        : Initializing Servlet 'dispatcherServlet'
2026-09-21T23:31:54.600+09:00  INFO 64005 --- [be-commerce] [io-18080-exec-1] o.s.web.servlet.DispatcherServlet        : Completed initialization in 1 ms
2026-09-21T23:31:59.334+09:00  INFO 64005 --- [be-commerce] [io-18080-exec-4] c.b.b.p.internal.CacheBenchmark          : E6 벤치 — 코덱=LZ4 요청크기=192B 실제=279B 저장/원본=0.817 배 set p50=0.116ms get p50=0.107ms
2026-09-21T23:31:59.428+09:00  INFO 64005 --- [be-commerce] [io-18080-exec-6] c.b.b.p.internal.CacheBenchmark          : E6 벤치 — 코덱=LZ4 요청크기=224B 실제=279B 저장/원본=0.817 배 set p50=0.059ms get p50=0.059ms
2026-09-21T23:31:59.505+09:00  INFO 64005 --- [be-commerce] [io-18080-exec-8] c.b.b.p.internal.CacheBenchmark          : E6 벤치 — 코덱=LZ4 요청크기=256B 실제=370B 저장/원본=0.659 배 set p50=0.055ms get p50=0.053ms
2026-09-21T23:31:59.577+09:00  INFO 64005 --- [be-commerce] [o-18080-exec-10] c.b.b.p.internal.CacheBenchmark          : E6 벤치 — 코덱=LZ4 요청크기=288B 실제=370B 저장/원본=0.659 배 set p50=0.054ms get p50=0.050ms
2026-09-21T23:31:59.651+09:00  INFO 64005 --- [be-commerce] [io-18080-exec-2] c.b.b.p.internal.CacheBenchmark          : E6 벤치 — 코덱=LZ4 요청크기=320B 실제=370B 저장/원본=0.659 배 set p50=0.054ms get p50=0.051ms
2026-09-21T23:31:59.726+09:00  INFO 64005 --- [be-commerce] [io-18080-exec-4] c.b.b.p.internal.CacheBenchmark          : E6 벤치 — 코덱=LZ4 요청크기=384B 실제=462B 저장/원본=0.563 배 set p50=0.054ms get p50=0.049ms
2026-09-21T23:31:59.799+09:00  INFO 64005 --- [be-commerce] [io-18080-exec-6] c.b.b.p.internal.CacheBenchmark          : E6 벤치 — 코덱=LZ4 요청크기=448B 실제=553B 저장/원본=0.499 배 set p50=0.054ms get p50=0.050ms
2026-09-21T23:31:59.809+09:00  INFO 64005 --- [be-commerce] [ionShutdownHook] o.s.b.w.e.tomcat.GracefulShutdown        : Commencing graceful shutdown. Waiting for active requests to complete
2026-09-21T23:31:59.811+09:00  INFO 64005 --- [be-commerce] [tomcat-shutdown] o.s.b.w.e.tomcat.GracefulShutdown        : Graceful shutdown complete
2026-09-21T23:31:59.823+09:00  INFO 64005 --- [be-commerce] [ionShutdownHook] .s.m.e.c.DefaultEventPublicationRegistry : No publications outstanding!
2026-09-21T23:31:59.836+09:00  INFO 64005 --- [be-commerce] [ionShutdownHook] j.LocalContainerEntityManagerFactoryBean : Closing JPA EntityManagerFactory for persistence unit 'default'
2026-09-21T23:31:59.837+09:00  INFO 64005 --- [be-commerce] [ionShutdownHook] com.zaxxer.hikari.HikariDataSource       : HikariPool-1 - Shutdown initiated...
2026-09-21T23:31:59.852+09:00  INFO 64005 --- [be-commerce] [ionShutdownHook] com.zaxxer.hikari.HikariDataSource       : HikariPool-1 - Shutdown completed.
