== E3 실측 시작 (모델 4동시/50ms = 80/s)
== 정책: ADMISSION
== 부하: 40 req/s (40s씩, 워밍업 10000ms)
== 출력: <OUT>
-- ADMISSION
   ADMISSION @ 40 req/s
[E3] policy=ADMISSION  rate=40  achieved=36  coverage=0.0%  personalized=0.0%  serving_p95=698.0ms  serving_p99=720.3ms  model_p95=685.0ms  rejected=601  timeout=204  failed=395  zero_ctx=0  req_failed=0.0%  dropped=0
[PAGE] rate=9  achieved=10  generated=0.0%  page_p95=446.1ms  page_p99=942.8ms  dropped=0

== 조건별 요약
| 부하 (req/s) | `ADMISSION` coverage / p95 |
|---:|---:|
| 40 | **0.0%** / 698.0ms |

**달성 부하** — 표의 `rate` 는 요청한 부하이고 아래는 실제로 통과한 양이다.
정책이 앱을 마비시키면(스레드가 줄에 갇히면) 여기가 낮아진다 — 그 자체가 결과다.

| 부하 | `ADMISSION` |
|---:|---:|
| 40 | 36 |

| 부하 | 정책 | 달성 | coverage | **개인화** | serving p95 | serving p99 | model p95 | rejected | timeout | zero_ctx | dropped |
|---:|---|---:|---:|---:|---:|---:|---:|---:|---:|---:|---:|
| 40 | `ADMISSION` | 36 | 0.0% | **0.0%** | 698.0ms | 720.3ms | 685.0ms | 601 | 204 | 0 | 0 |
