
  .   ____          _            __ _ _
 /\\ / ___'_ __ _ _(_)_ __  __ _ \ \ \ \
( ( )\___ | '_ | '_| | '_ \/ _` | \ \ \ \
 \\/  ___)| |_)| | | | | || (_| |  ) ) ) )
  '  |____| .__|_| |_|_| |_\__, | / / / /
 =========|_|==============|___/=/_/_/_/

 :: Spring Boot ::                (v3.4.2)

2026-09-21T04:58:22.190+09:00  INFO 91222 --- [be-commerce] [           main] c.b.becommerce.BeCommerceApplication     : Starting BeCommerceApplication v0.0.1-SNAPSHOT using Java 21.0.9 with PID 91222 (/Users/beomsu/Desktop/pay/build/libs/be-commerce-0.0.1-SNAPSHOT.jar started by beomsu in /Users/beomsu/Desktop/pay)
2026-09-21T04:58:22.192+09:00  INFO 91222 --- [be-commerce] [           main] c.b.becommerce.BeCommerceApplication     : The following 1 profile is active: "kafka"
2026-09-21T04:58:23.145+09:00  INFO 91222 --- [be-commerce] [           main] .s.d.r.c.RepositoryConfigurationDelegate : Multiple Spring Data modules found, entering strict repository configuration mode
2026-09-21T04:58:23.146+09:00  INFO 91222 --- [be-commerce] [           main] .s.d.r.c.RepositoryConfigurationDelegate : Bootstrapping Spring Data JPA repositories in DEFAULT mode.
2026-09-21T04:58:23.366+09:00  INFO 91222 --- [be-commerce] [           main] .s.d.r.c.RepositoryConfigurationDelegate : Finished Spring Data repository scanning in 214 ms. Found 42 JPA repository interfaces.
2026-09-21T04:58:24.166+09:00  INFO 91222 --- [be-commerce] [           main] o.s.b.w.embedded.tomcat.TomcatWebServer  : Tomcat initialized with port 18080 (http)
2026-09-21T04:58:24.444+09:00  INFO 91222 --- [be-commerce] [           main] o.apache.catalina.core.StandardService   : Starting service [Tomcat]
2026-09-21T04:58:24.444+09:00  INFO 91222 --- [be-commerce] [           main] o.apache.catalina.core.StandardEngine    : Starting Servlet engine: [Apache Tomcat/10.1.34]
2026-09-21T04:58:24.494+09:00  INFO 91222 --- [be-commerce] [           main] o.a.c.c.C.[Tomcat].[localhost].[/]       : Initializing Spring embedded WebApplicationContext
2026-09-21T04:58:24.495+09:00  INFO 91222 --- [be-commerce] [           main] w.s.c.ServletWebServerApplicationContext : Root WebApplicationContext: initialization completed in 2270 ms
2026-09-21T04:58:24.782+09:00  INFO 91222 --- [be-commerce] [           main] com.zaxxer.hikari.HikariDataSource       : HikariPool-1 - Starting...
2026-09-21T04:58:25.025+09:00  INFO 91222 --- [be-commerce] [           main] com.zaxxer.hikari.pool.HikariPool        : HikariPool-1 - Added connection com.mysql.cj.jdbc.ConnectionImpl@220e1b7b
2026-09-21T04:58:25.026+09:00  INFO 91222 --- [be-commerce] [           main] com.zaxxer.hikari.HikariDataSource       : HikariPool-1 - Start completed.
2026-09-21T04:58:25.066+09:00  INFO 91222 --- [be-commerce] [           main] org.flywaydb.core.FlywayExecutor         : Database: jdbc:mysql://localhost:3306/becommerce?serverTimezone=UTC&characterEncoding=UTF-8 (MySQL 8.4)
2026-09-21T04:58:25.578+09:00  WARN 91222 --- [be-commerce] [           main] o.f.c.internal.database.base.Database    : Flyway upgrade recommended: MySQL 8.4 is newer than this version of Flyway and support has not been tested. The latest supported version of MySQL is 8.1.
2026-09-21T04:58:25.632+09:00  INFO 91222 --- [be-commerce] [           main] o.f.core.internal.command.DbValidate     : Successfully validated 59 migrations (execution time 00:00.043s)
2026-09-21T04:58:25.661+09:00  INFO 91222 --- [be-commerce] [           main] o.f.core.internal.command.DbMigrate      : Current version of schema `becommerce`: 59
2026-09-21T04:58:25.664+09:00  INFO 91222 --- [be-commerce] [           main] o.f.core.internal.command.DbMigrate      : Schema `becommerce` is up to date. No migration necessary.
2026-09-21T04:58:25.749+09:00  INFO 91222 --- [be-commerce] [           main] o.hibernate.jpa.internal.util.LogHelper  : HHH000204: Processing PersistenceUnitInfo [name: default]
2026-09-21T04:58:25.818+09:00  INFO 91222 --- [be-commerce] [           main] org.hibernate.Version                    : HHH000412: Hibernate ORM core version 6.6.5.Final
2026-09-21T04:58:25.846+09:00  INFO 91222 --- [be-commerce] [           main] o.h.c.internal.RegionFactoryInitiator    : HHH000026: Second-level cache disabled
2026-09-21T04:58:26.150+09:00  INFO 91222 --- [be-commerce] [           main] o.s.o.j.p.SpringPersistenceUnitInfo      : No LoadTimeWeaver setup: ignoring JPA class transformer
2026-09-21T04:58:26.213+09:00  INFO 91222 --- [be-commerce] [           main] org.hibernate.orm.connections.pooling    : HHH10001005: Database info:
	Database JDBC URL [Connecting through datasource 'HikariDataSource (HikariPool-1)']
	Database driver: undefined/unknown
	Database version: 8.4.11
	Autocommit mode: undefined/unknown
	Isolation level: undefined/unknown
	Minimum pool size: undefined/unknown
	Maximum pool size: undefined/unknown
2026-09-21T04:58:27.428+09:00  INFO 91222 --- [be-commerce] [           main] o.h.e.t.j.p.i.JtaPlatformInitiator       : HHH000489: No JTA platform available (set 'hibernate.transaction.jta.platform' to enable JTA platform integration)
2026-09-21T04:58:27.477+09:00  INFO 91222 --- [be-commerce] [           main] j.LocalContainerEntityManagerFactoryBean : Initialized JPA EntityManagerFactory for persistence unit 'default'
2026-09-21T04:58:27.760+09:00  INFO 91222 --- [be-commerce] [           main] o.s.d.j.r.query.QueryEnhancerFactory     : Hibernate is in classpath; If applicable, HQL parser will be used.
2026-09-21T04:58:29.122+09:00  INFO 91222 --- [be-commerce] [           main] c.b.b.auth.HashConcurrencyLimiter        : 비밀번호 해싱 동시 실행 상한 8건 (해시당 약 19.84MB)
2026-09-21T04:58:29.666+09:00  INFO 91222 --- [be-commerce] [           main] r$InitializeUserDetailsManagerConfigurer : Global AuthenticationManager configured with UserDetailsService bean with name userDetailsService
2026-09-21T04:58:30.653+09:00  INFO 91222 --- [be-commerce] [           main] c.b.b.payment.web.TossWebhookController  : 토스 웹훅 발신 IP 검사 off — payment.webhook.toss-allowed-ips 미설정
2026-09-21T04:58:30.923+09:00  INFO 91222 --- [be-commerce] [           main] o.s.b.a.w.s.WelcomePageHandlerMapping    : Adding welcome page: class path resource [static/index.html]
2026-09-21T04:58:31.161+09:00  INFO 91222 --- [be-commerce] [           main] o.s.b.a.e.web.EndpointLinksResolver      : Exposing 4 endpoints beneath base path '/actuator'
2026-09-21T04:58:31.913+09:00  INFO 91222 --- [be-commerce] [           main] o.s.b.w.embedded.tomcat.TomcatWebServer  : Tomcat started on port 18080 (http) with context path '/'
2026-09-21T04:58:31.942+09:00  INFO 91222 --- [be-commerce] [           main] o.a.k.clients.consumer.ConsumerConfig    : ConsumerConfig values: 
	allow.auto.create.topics = true
	auto.commit.interval.ms = 5000
	auto.include.jmx.reporter = true
	auto.offset.reset = latest
	bootstrap.servers = [localhost:9092]
	check.crcs = true
	client.dns.lookup = use_all_dns_ips
	client.id = consumer-pf-e1-20260921-045618-KAFKA-d0-w50-1
	client.rack = 
	connections.max.idle.ms = 540000
	default.api.timeout.ms = 60000
	enable.auto.commit = false
	enable.metrics.push = true
	exclude.internal.topics = true
	fetch.max.bytes = 52428800
	fetch.max.wait.ms = 500
	fetch.min.bytes = 1
	group.id = pf-e1-20260921-045618-KAFKA-d0-w50
	group.instance.id = null
	group.protocol = classic
	group.remote.assignor = null
	heartbeat.interval.ms = 3000
	interceptor.classes = []
	internal.leave.group.on.close = true
	internal.throw.on.fetch.stable.offset.unsupported = false
	isolation.level = read_uncommitted
	key.deserializer = class org.apache.kafka.common.serialization.StringDeserializer
	max.partition.fetch.bytes = 1048576
	max.poll.interval.ms = 300000
	max.poll.records = 500
	metadata.max.age.ms = 300000
	metadata.recovery.strategy = none
	metric.reporters = []
	metrics.num.samples = 2
	metrics.recording.level = INFO
	metrics.sample.window.ms = 30000
	partition.assignment.strategy = [class org.apache.kafka.clients.consumer.RangeAssignor, class org.apache.kafka.clients.consumer.CooperativeStickyAssignor]
	receive.buffer.bytes = 65536
	reconnect.backoff.max.ms = 1000
	reconnect.backoff.ms = 50
	request.timeout.ms = 30000
	retry.backoff.max.ms = 1000
	retry.backoff.ms = 100
	sasl.client.callback.handler.class = null
	sasl.jaas.config = null
	sasl.kerberos.kinit.cmd = /usr/bin/kinit
	sasl.kerberos.min.time.before.relogin = 60000
	sasl.kerberos.service.name = null
	sasl.kerberos.ticket.renew.jitter = 0.05
	sasl.kerberos.ticket.renew.window.factor = 0.8
	sasl.login.callback.handler.class = null
	sasl.login.class = null
	sasl.login.connect.timeout.ms = null
	sasl.login.read.timeout.ms = null
	sasl.login.refresh.buffer.seconds = 300
	sasl.login.refresh.min.period.seconds = 60
	sasl.login.refresh.window.factor = 0.8
	sasl.login.refresh.window.jitter = 0.05
	sasl.login.retry.backoff.max.ms = 10000
	sasl.login.retry.backoff.ms = 100
	sasl.mechanism = GSSAPI
	sasl.oauthbearer.clock.skew.seconds = 30
	sasl.oauthbearer.expected.audience = null
	sasl.oauthbearer.expected.issuer = null
	sasl.oauthbearer.jwks.endpoint.refresh.ms = 3600000
	sasl.oauthbearer.jwks.endpoint.retry.backoff.max.ms = 10000
	sasl.oauthbearer.jwks.endpoint.retry.backoff.ms = 100
	sasl.oauthbearer.jwks.endpoint.url = null
	sasl.oauthbearer.scope.claim.name = scope
	sasl.oauthbearer.sub.claim.name = sub
	sasl.oauthbearer.token.endpoint.url = null
	security.protocol = PLAINTEXT
	security.providers = null
	send.buffer.bytes = 131072
	session.timeout.ms = 45000
	socket.connection.setup.timeout.max.ms = 30000
	socket.connection.setup.timeout.ms = 10000
	ssl.cipher.suites = null
	ssl.enabled.protocols = [TLSv1.2, TLSv1.3]
	ssl.endpoint.identification.algorithm = https
	ssl.engine.factory.class = null
	ssl.key.password = null
	ssl.keymanager.algorithm = SunX509
	ssl.keystore.certificate.chain = null
	ssl.keystore.key = null
	ssl.keystore.location = null
	ssl.keystore.password = null
	ssl.keystore.type = JKS
	ssl.protocol = TLSv1.3
	ssl.provider = null
	ssl.secure.random.implementation = null
	ssl.trustmanager.algorithm = PKIX
	ssl.truststore.certificates = null
	ssl.truststore.location = null
	ssl.truststore.password = null
	ssl.truststore.type = JKS
	value.deserializer = class org.apache.kafka.common.serialization.StringDeserializer

2026-09-21T04:58:31.980+09:00  INFO 91222 --- [be-commerce] [           main] o.a.k.c.t.i.KafkaMetricsCollector        : initializing Kafka metrics collector
2026-09-21T04:58:32.031+09:00  INFO 91222 --- [be-commerce] [           main] o.a.kafka.common.utils.AppInfoParser     : Kafka version: 3.8.1
2026-09-21T04:58:32.032+09:00  INFO 91222 --- [be-commerce] [           main] o.a.kafka.common.utils.AppInfoParser     : Kafka commitId: 70d6ff42debf7e17
2026-09-21T04:58:32.032+09:00  INFO 91222 --- [be-commerce] [           main] o.a.kafka.common.utils.AppInfoParser     : Kafka startTimeMs: 1789934312031
2026-09-21T04:58:32.039+09:00  INFO 91222 --- [be-commerce] [           main] o.a.k.c.c.internals.LegacyKafkaConsumer  : [Consumer clientId=consumer-pf-e1-20260921-045618-KAFKA-d0-w50-1, groupId=pf-e1-20260921-045618-KAFKA-d0-w50] Subscribed to topic(s): user.activity
2026-09-21T04:58:32.071+09:00  INFO 91222 --- [be-commerce] [           main] o.s.s.config.TaskSchedulerRouter         : No TaskScheduler/ScheduledExecutorService bean found for scheduled processing
2026-09-21T04:58:32.074+09:00  INFO 91222 --- [be-commerce] [           main] c.b.becommerce.BeCommerceApplication     : Started BeCommerceApplication in 10.246 seconds (process running for 10.684)
2026-09-21T04:58:32.081+09:00  INFO 91222 --- [be-commerce] [           main] c.b.b.a.i.PasswordHashingCapacityCheck   : 비밀번호 해싱 메모리 여유 확인 (최악 1984MB / 힙 8192MB)
2026-09-21T04:58:32.133+09:00  INFO 91222 --- [be-commerce] [           main] c.b.b.f.internal.FraudBlacklistReloader  : FDS 블랙리스트 재적재 count=0
2026-09-21T04:58:32.272+09:00  INFO 91222 --- [be-commerce] [ntainer#0-0-C-1] org.apache.kafka.clients.Metadata        : [Consumer clientId=consumer-pf-e1-20260921-045618-KAFKA-d0-w50-1, groupId=pf-e1-20260921-045618-KAFKA-d0-w50] Cluster ID: 5L6g3nShT-eMCtK--X86sw
2026-09-21T04:58:32.273+09:00  INFO 91222 --- [be-commerce] [ntainer#0-0-C-1] o.a.k.c.c.internals.ConsumerCoordinator  : [Consumer clientId=consumer-pf-e1-20260921-045618-KAFKA-d0-w50-1, groupId=pf-e1-20260921-045618-KAFKA-d0-w50] Discovered group coordinator localhost:9092 (id: 2147483646 rack: null)
2026-09-21T04:58:32.275+09:00  INFO 91222 --- [be-commerce] [ntainer#0-0-C-1] o.a.k.c.c.internals.ConsumerCoordinator  : [Consumer clientId=consumer-pf-e1-20260921-045618-KAFKA-d0-w50-1, groupId=pf-e1-20260921-045618-KAFKA-d0-w50] (Re-)joining group
2026-09-21T04:58:32.294+09:00  INFO 91222 --- [be-commerce] [ntainer#0-0-C-1] o.a.k.c.c.internals.ConsumerCoordinator  : [Consumer clientId=consumer-pf-e1-20260921-045618-KAFKA-d0-w50-1, groupId=pf-e1-20260921-045618-KAFKA-d0-w50] Request joining group due to: need to re-join with the given member-id: consumer-pf-e1-20260921-045618-KAFKA-d0-w50-1-ed32815f-5afb-40c1-881e-d3e536aade6d
2026-09-21T04:58:32.294+09:00  INFO 91222 --- [be-commerce] [ntainer#0-0-C-1] o.a.k.c.c.internals.ConsumerCoordinator  : [Consumer clientId=consumer-pf-e1-20260921-045618-KAFKA-d0-w50-1, groupId=pf-e1-20260921-045618-KAFKA-d0-w50] (Re-)joining group
2026-09-21T04:58:32.708+09:00  INFO 91222 --- [be-commerce] [io-18080-exec-1] o.a.c.c.C.[Tomcat].[localhost].[/]       : Initializing Spring DispatcherServlet 'dispatcherServlet'
2026-09-21T04:58:32.708+09:00  INFO 91222 --- [be-commerce] [io-18080-exec-1] o.s.web.servlet.DispatcherServlet        : Initializing Servlet 'dispatcherServlet'
2026-09-21T04:58:32.710+09:00  INFO 91222 --- [be-commerce] [io-18080-exec-1] o.s.web.servlet.DispatcherServlet        : Completed initialization in 2 ms
2026-09-21T04:58:35.320+09:00  INFO 91222 --- [be-commerce] [ntainer#0-0-C-1] o.a.k.c.c.internals.ConsumerCoordinator  : [Consumer clientId=consumer-pf-e1-20260921-045618-KAFKA-d0-w50-1, groupId=pf-e1-20260921-045618-KAFKA-d0-w50] Successfully joined group with generation Generation{generationId=1, memberId='consumer-pf-e1-20260921-045618-KAFKA-d0-w50-1-ed32815f-5afb-40c1-881e-d3e536aade6d', protocol='range'}
2026-09-21T04:58:35.342+09:00  INFO 91222 --- [be-commerce] [ntainer#0-0-C-1] o.a.k.c.c.internals.ConsumerCoordinator  : [Consumer clientId=consumer-pf-e1-20260921-045618-KAFKA-d0-w50-1, groupId=pf-e1-20260921-045618-KAFKA-d0-w50] Finished assignment for group at generation 1: {consumer-pf-e1-20260921-045618-KAFKA-d0-w50-1-ed32815f-5afb-40c1-881e-d3e536aade6d=Assignment(partitions=[user.activity-0])}
2026-09-21T04:58:35.356+09:00  INFO 91222 --- [be-commerce] [ntainer#0-0-C-1] o.a.k.c.c.internals.ConsumerCoordinator  : [Consumer clientId=consumer-pf-e1-20260921-045618-KAFKA-d0-w50-1, groupId=pf-e1-20260921-045618-KAFKA-d0-w50] Successfully synced group in generation Generation{generationId=1, memberId='consumer-pf-e1-20260921-045618-KAFKA-d0-w50-1-ed32815f-5afb-40c1-881e-d3e536aade6d', protocol='range'}
2026-09-21T04:58:35.356+09:00  INFO 91222 --- [be-commerce] [ntainer#0-0-C-1] o.a.k.c.c.internals.ConsumerCoordinator  : [Consumer clientId=consumer-pf-e1-20260921-045618-KAFKA-d0-w50-1, groupId=pf-e1-20260921-045618-KAFKA-d0-w50] Notifying assignor about the new Assignment(partitions=[user.activity-0])
2026-09-21T04:58:35.360+09:00  INFO 91222 --- [be-commerce] [ntainer#0-0-C-1] k.c.c.i.ConsumerRebalanceListenerInvoker : [Consumer clientId=consumer-pf-e1-20260921-045618-KAFKA-d0-w50-1, groupId=pf-e1-20260921-045618-KAFKA-d0-w50] Adding newly assigned partitions: user.activity-0
2026-09-21T04:58:35.369+09:00  INFO 91222 --- [be-commerce] [ntainer#0-0-C-1] o.a.k.c.c.internals.ConsumerCoordinator  : [Consumer clientId=consumer-pf-e1-20260921-045618-KAFKA-d0-w50-1, groupId=pf-e1-20260921-045618-KAFKA-d0-w50] Found no committed offset for partition user.activity-0
2026-09-21T04:58:35.375+09:00  INFO 91222 --- [be-commerce] [ntainer#0-0-C-1] o.a.k.c.c.internals.ConsumerCoordinator  : [Consumer clientId=consumer-pf-e1-20260921-045618-KAFKA-d0-w50-1, groupId=pf-e1-20260921-045618-KAFKA-d0-w50] Found no committed offset for partition user.activity-0
2026-09-21T04:58:35.390+09:00  INFO 91222 --- [be-commerce] [ntainer#0-0-C-1] o.a.k.c.c.internals.SubscriptionState    : [Consumer clientId=consumer-pf-e1-20260921-045618-KAFKA-d0-w50-1, groupId=pf-e1-20260921-045618-KAFKA-d0-w50] Resetting offset for partition user.activity-0 to position FetchPosition{offset=11827, offsetEpoch=Optional.empty, currentLeader=LeaderAndEpoch{leader=Optional[localhost:9092 (id: 1 rack: null)], epoch=0}}.
2026-09-21T04:58:35.395+09:00  INFO 91222 --- [be-commerce] [ntainer#0-0-C-1] o.s.k.l.KafkaMessageListenerContainer    : pf-e1-20260921-045618-KAFKA-d0-w50: partitions assigned: [user.activity-0]
2026-09-21T04:58:51.020+09:00  INFO 91222 --- [be-commerce] [         task-2] o.a.k.clients.producer.ProducerConfig    : ProducerConfig values: 
	acks = -1
	auto.include.jmx.reporter = true
	batch.size = 16384
	bootstrap.servers = [localhost:9092]
	buffer.memory = 33554432
	client.dns.lookup = use_all_dns_ips
	client.id = be-commerce-producer-1
	compression.gzip.level = -1
	compression.lz4.level = 9
	compression.type = none
	compression.zstd.level = 3
	connections.max.idle.ms = 540000
	delivery.timeout.ms = 120000
	enable.idempotence = true
	enable.metrics.push = true
	interceptor.classes = []
	key.serializer = class org.apache.kafka.common.serialization.StringSerializer
	linger.ms = 0
	max.block.ms = 60000
	max.in.flight.requests.per.connection = 5
	max.request.size = 1048576
	metadata.max.age.ms = 300000
	metadata.max.idle.ms = 300000
	metadata.recovery.strategy = none
	metric.reporters = []
	metrics.num.samples = 2
	metrics.recording.level = INFO
	metrics.sample.window.ms = 30000
	partitioner.adaptive.partitioning.enable = true
	partitioner.availability.timeout.ms = 0
	partitioner.class = null
	partitioner.ignore.keys = false
	receive.buffer.bytes = 32768
	reconnect.backoff.max.ms = 1000
	reconnect.backoff.ms = 50
	request.timeout.ms = 30000
	retries = 2147483647
	retry.backoff.max.ms = 1000
	retry.backoff.ms = 100
	sasl.client.callback.handler.class = null
	sasl.jaas.config = null
	sasl.kerberos.kinit.cmd = /usr/bin/kinit
	sasl.kerberos.min.time.before.relogin = 60000
	sasl.kerberos.service.name = null
	sasl.kerberos.ticket.renew.jitter = 0.05
	sasl.kerberos.ticket.renew.window.factor = 0.8
	sasl.login.callback.handler.class = null
	sasl.login.class = null
	sasl.login.connect.timeout.ms = null
	sasl.login.read.timeout.ms = null
	sasl.login.refresh.buffer.seconds = 300
	sasl.login.refresh.min.period.seconds = 60
	sasl.login.refresh.window.factor = 0.8
	sasl.login.refresh.window.jitter = 0.05
	sasl.login.retry.backoff.max.ms = 10000
	sasl.login.retry.backoff.ms = 100
	sasl.mechanism = GSSAPI
	sasl.oauthbearer.clock.skew.seconds = 30
	sasl.oauthbearer.expected.audience = null
	sasl.oauthbearer.expected.issuer = null
	sasl.oauthbearer.jwks.endpoint.refresh.ms = 3600000
	sasl.oauthbearer.jwks.endpoint.retry.backoff.max.ms = 10000
	sasl.oauthbearer.jwks.endpoint.retry.backoff.ms = 100
	sasl.oauthbearer.jwks.endpoint.url = null
	sasl.oauthbearer.scope.claim.name = scope
	sasl.oauthbearer.sub.claim.name = sub
	sasl.oauthbearer.token.endpoint.url = null
	security.protocol = PLAINTEXT
	security.providers = null
	send.buffer.bytes = 131072
	socket.connection.setup.timeout.max.ms = 30000
	socket.connection.setup.timeout.ms = 10000
	ssl.cipher.suites = null
	ssl.enabled.protocols = [TLSv1.2, TLSv1.3]
	ssl.endpoint.identification.algorithm = https
	ssl.engine.factory.class = null
	ssl.key.password = null
	ssl.keymanager.algorithm = SunX509
	ssl.keystore.certificate.chain = null
	ssl.keystore.key = null
	ssl.keystore.location = null
	ssl.keystore.password = null
	ssl.keystore.type = JKS
	ssl.protocol = TLSv1.3
	ssl.provider = null
	ssl.secure.random.implementation = null
	ssl.trustmanager.algorithm = PKIX
	ssl.truststore.certificates = null
	ssl.truststore.location = null
	ssl.truststore.password = null
	ssl.truststore.type = JKS
	transaction.timeout.ms = 60000
	transactional.id = null
	value.serializer = class org.apache.kafka.common.serialization.ByteArraySerializer

2026-09-21T04:58:51.022+09:00  INFO 91222 --- [be-commerce] [         task-2] o.a.k.c.t.i.KafkaMetricsCollector        : initializing Kafka metrics collector
2026-09-21T04:58:51.029+09:00  INFO 91222 --- [be-commerce] [         task-2] o.a.k.clients.producer.KafkaProducer     : [Producer clientId=be-commerce-producer-1] Instantiated an idempotent producer.
2026-09-21T04:58:51.040+09:00  INFO 91222 --- [be-commerce] [         task-2] o.a.kafka.common.utils.AppInfoParser     : Kafka version: 3.8.1
2026-09-21T04:58:51.040+09:00  INFO 91222 --- [be-commerce] [         task-2] o.a.kafka.common.utils.AppInfoParser     : Kafka commitId: 70d6ff42debf7e17
2026-09-21T04:58:51.040+09:00  INFO 91222 --- [be-commerce] [         task-2] o.a.kafka.common.utils.AppInfoParser     : Kafka startTimeMs: 1789934331040
2026-09-21T04:58:51.051+09:00  INFO 91222 --- [be-commerce] [erce-producer-1] org.apache.kafka.clients.Metadata        : [Producer clientId=be-commerce-producer-1] Cluster ID: 5L6g3nShT-eMCtK--X86sw
2026-09-21T04:58:51.054+09:00  INFO 91222 --- [be-commerce] [erce-producer-1] o.a.k.c.p.internals.TransactionManager   : [Producer clientId=be-commerce-producer-1] ProducerId set to 22 with epoch 0
2026-09-21T05:00:21.295+09:00  INFO 91222 --- [be-commerce] [ntainer#0-0-C-1] k.c.c.i.ConsumerRebalanceListenerInvoker : [Consumer clientId=consumer-pf-e1-20260921-045618-KAFKA-d0-w50-1, groupId=pf-e1-20260921-045618-KAFKA-d0-w50] Revoke previously assigned partitions user.activity-0
2026-09-21T05:00:21.300+09:00  INFO 91222 --- [be-commerce] [ntainer#0-0-C-1] o.s.k.l.KafkaMessageListenerContainer    : pf-e1-20260921-045618-KAFKA-d0-w50: partitions revoked: [user.activity-0]
2026-09-21T05:00:21.300+09:00  INFO 91222 --- [be-commerce] [ntainer#0-0-C-1] o.a.k.c.c.internals.ConsumerCoordinator  : [Consumer clientId=consumer-pf-e1-20260921-045618-KAFKA-d0-w50-1, groupId=pf-e1-20260921-045618-KAFKA-d0-w50] Member consumer-pf-e1-20260921-045618-KAFKA-d0-w50-1-ed32815f-5afb-40c1-881e-d3e536aade6d sending LeaveGroup request to coordinator localhost:9092 (id: 2147483646 rack: null) due to the consumer unsubscribed from all topics
2026-09-21T05:00:21.301+09:00  INFO 91222 --- [be-commerce] [ntainer#0-0-C-1] o.a.k.c.c.internals.ConsumerCoordinator  : [Consumer clientId=consumer-pf-e1-20260921-045618-KAFKA-d0-w50-1, groupId=pf-e1-20260921-045618-KAFKA-d0-w50] Resetting generation and member id due to: consumer pro-actively leaving the group
2026-09-21T05:00:21.301+09:00  INFO 91222 --- [be-commerce] [ntainer#0-0-C-1] o.a.k.c.c.internals.ConsumerCoordinator  : [Consumer clientId=consumer-pf-e1-20260921-045618-KAFKA-d0-w50-1, groupId=pf-e1-20260921-045618-KAFKA-d0-w50] Request joining group due to: consumer pro-actively leaving the group
2026-09-21T05:00:21.302+09:00  INFO 91222 --- [be-commerce] [ntainer#0-0-C-1] o.a.k.c.c.internals.LegacyKafkaConsumer  : [Consumer clientId=consumer-pf-e1-20260921-045618-KAFKA-d0-w50-1, groupId=pf-e1-20260921-045618-KAFKA-d0-w50] Unsubscribed all topics or patterns and assigned partitions
2026-09-21T05:00:21.308+09:00  INFO 91222 --- [be-commerce] [ntainer#0-0-C-1] o.a.k.c.c.internals.ConsumerCoordinator  : [Consumer clientId=consumer-pf-e1-20260921-045618-KAFKA-d0-w50-1, groupId=pf-e1-20260921-045618-KAFKA-d0-w50] Resetting generation and member id due to: consumer pro-actively leaving the group
2026-09-21T05:00:21.308+09:00  INFO 91222 --- [be-commerce] [ntainer#0-0-C-1] o.a.k.c.c.internals.ConsumerCoordinator  : [Consumer clientId=consumer-pf-e1-20260921-045618-KAFKA-d0-w50-1, groupId=pf-e1-20260921-045618-KAFKA-d0-w50] Request joining group due to: consumer pro-actively leaving the group
2026-09-21T05:00:21.375+09:00  INFO 91222 --- [be-commerce] [ntainer#0-0-C-1] o.apache.kafka.common.metrics.Metrics    : Metrics scheduler closed
2026-09-21T05:00:21.375+09:00  INFO 91222 --- [be-commerce] [ntainer#0-0-C-1] o.apache.kafka.common.metrics.Metrics    : Closing reporter org.apache.kafka.common.metrics.JmxReporter
2026-09-21T05:00:21.376+09:00  INFO 91222 --- [be-commerce] [ntainer#0-0-C-1] o.apache.kafka.common.metrics.Metrics    : Closing reporter org.apache.kafka.common.telemetry.internals.ClientTelemetryReporter
2026-09-21T05:00:21.376+09:00  INFO 91222 --- [be-commerce] [ntainer#0-0-C-1] o.apache.kafka.common.metrics.Metrics    : Metrics reporters closed
2026-09-21T05:00:21.389+09:00  INFO 91222 --- [be-commerce] [ntainer#0-0-C-1] o.a.kafka.common.utils.AppInfoParser     : App info kafka.consumer for consumer-pf-e1-20260921-045618-KAFKA-d0-w50-1 unregistered
2026-09-21T05:00:21.396+09:00  INFO 91222 --- [be-commerce] [ntainer#0-0-C-1] o.s.k.l.KafkaMessageListenerContainer    : pf-e1-20260921-045618-KAFKA-d0-w50: Consumer stopped
2026-09-21T05:00:21.402+09:00  INFO 91222 --- [be-commerce] [ionShutdownHook] o.s.b.w.e.tomcat.GracefulShutdown        : Commencing graceful shutdown. Waiting for active requests to complete
2026-09-21T05:00:21.410+09:00  INFO 91222 --- [be-commerce] [tomcat-shutdown] o.s.b.w.e.tomcat.GracefulShutdown        : Graceful shutdown complete
2026-09-21T05:00:21.443+09:00  INFO 91222 --- [be-commerce] [ionShutdownHook] o.a.k.clients.producer.KafkaProducer     : [Producer clientId=be-commerce-producer-1] Closing the Kafka producer with timeoutMillis = 30000 ms.
2026-09-21T05:00:21.447+09:00  INFO 91222 --- [be-commerce] [ionShutdownHook] o.apache.kafka.common.metrics.Metrics    : Metrics scheduler closed
2026-09-21T05:00:21.447+09:00  INFO 91222 --- [be-commerce] [ionShutdownHook] o.apache.kafka.common.metrics.Metrics    : Closing reporter org.apache.kafka.common.metrics.JmxReporter
2026-09-21T05:00:21.447+09:00  INFO 91222 --- [be-commerce] [ionShutdownHook] o.apache.kafka.common.metrics.Metrics    : Closing reporter org.apache.kafka.common.telemetry.internals.ClientTelemetryReporter
2026-09-21T05:00:21.448+09:00  INFO 91222 --- [be-commerce] [ionShutdownHook] o.apache.kafka.common.metrics.Metrics    : Metrics reporters closed
2026-09-21T05:00:21.449+09:00  INFO 91222 --- [be-commerce] [ionShutdownHook] o.a.kafka.common.utils.AppInfoParser     : App info kafka.producer for be-commerce-producer-1 unregistered
2026-09-21T05:00:21.477+09:00  INFO 91222 --- [be-commerce] [ionShutdownHook] .s.m.e.c.DefaultEventPublicationRegistry : No publications outstanding!
2026-09-21T05:00:21.495+09:00  INFO 91222 --- [be-commerce] [ionShutdownHook] j.LocalContainerEntityManagerFactoryBean : Closing JPA EntityManagerFactory for persistence unit 'default'
2026-09-21T05:00:21.502+09:00  INFO 91222 --- [be-commerce] [ionShutdownHook] com.zaxxer.hikari.HikariDataSource       : HikariPool-1 - Shutdown initiated...
2026-09-21T05:00:21.545+09:00  INFO 91222 --- [be-commerce] [ionShutdownHook] com.zaxxer.hikari.HikariDataSource       : HikariPool-1 - Shutdown completed.
